../Core/Src/main.c:117:6:lcd_send_cmd	32	static
../Core/Src/main.c:131:6:lcd_send_data	32	static
../Core/Src/main.c:144:6:lcd_init	8	static
../Core/Src/main.c:169:6:lcd_put_cur	16	static
../Core/Src/main.c:183:6:lcd_send_string	16	static
../Core/Src/main.c:189:6:read_keypad	8	static
../Core/Src/main.c:344:5:main	8	static
../Core/Src/main.c:423:6:SystemClock_Config	120	static
../Core/Src/main.c:485:6:PeriphCommonClock_Config	200	static
../Core/Src/main.c:512:13:MX_ADC1_Init	48	static
../Core/Src/main.c:580:13:MX_ADC2_Init	40	static
../Core/Src/main.c:639:13:MX_ADC3_Init	40	static
../Core/Src/main.c:697:13:MX_ETH_Init	8	static
../Core/Src/main.c:746:13:MX_FDCAN1_Init	8	static
../Core/Src/main.c:799:13:MX_FDCAN2_Init	8	static
../Core/Src/main.c:852:13:MX_I2C4_Init	8	static
../Core/Src/main.c:900:13:MX_LTDC_Init	112	static
../Core/Src/main.c:982:13:MX_RTC_Init	8	static
../Core/Src/main.c:1018:13:MX_SAI2_Init	8	static
../Core/Src/main.c:1099:13:MX_USART3_UART_Init	8	static
../Core/Src/main.c:1147:13:MX_USB_OTG_FS_PCD_Init	8	static
../Core/Src/main.c:1179:13:MX_FMC_Init	40	static
../Core/Src/main.c:1230:13:MX_GPIO_Init	72	static
../Core/Src/main.c:1453:6:Error_Handler	4	static,ignoring_inline_asm
