../Core/Src/stm32h7xx_hal_msp.c:63:6:HAL_MspInit	16	static
../Core/Src/stm32h7xx_hal_msp.c:87:6:HAL_ADC_MspInit	72	static
../Core/Src/stm32h7xx_hal_msp.c:189:6:HAL_ADC_MspDeInit	16	static
../Core/Src/stm32h7xx_hal_msp.c:260:6:HAL_ETH_MspInit	80	static
../Core/Src/stm32h7xx_hal_msp.c:362:6:HAL_ETH_MspDeInit	16	static
../Core/Src/stm32h7xx_hal_msp.c:423:6:HAL_FDCAN_MspInit	248	static
../Core/Src/stm32h7xx_hal_msp.c:510:6:HAL_FDCAN_MspDeInit	16	static
../Core/Src/stm32h7xx_hal_msp.c:563:6:HAL_I2C_MspInit	240	static
../Core/Src/stm32h7xx_hal_msp.c:609:6:HAL_I2C_MspDeInit	16	static
../Core/Src/stm32h7xx_hal_msp.c:640:6:HAL_LTDC_MspInit	256	static
../Core/Src/stm32h7xx_hal_msp.c:749:6:HAL_LTDC_MspDeInit	16	static
../Core/Src/stm32h7xx_hal_msp.c:815:6:HAL_RTC_MspInit	208	static
../Core/Src/stm32h7xx_hal_msp.c:848:6:HAL_RTC_MspDeInit	16	static
../Core/Src/stm32h7xx_hal_msp.c:870:6:HAL_UART_MspInit	240	static
../Core/Src/stm32h7xx_hal_msp.c:917:6:HAL_UART_MspDeInit	16	static
../Core/Src/stm32h7xx_hal_msp.c:946:6:HAL_PCD_MspInit	240	static
../Core/Src/stm32h7xx_hal_msp.c:1002:6:HAL_PCD_MspDeInit	16	static
../Core/Src/stm32h7xx_hal_msp.c:1028:13:HAL_FMC_MspInit	232	static
../Core/Src/stm32h7xx_hal_msp.c:1137:6:HAL_SDRAM_MspInit	16	static
../Core/Src/stm32h7xx_hal_msp.c:1149:13:HAL_FMC_MspDeInit	8	static
../Core/Src/stm32h7xx_hal_msp.c:1221:6:HAL_SDRAM_MspDeInit	16	static
../Core/Src/stm32h7xx_hal_msp.c:1233:6:HAL_SAI_MspInit	240	static
../Core/Src/stm32h7xx_hal_msp.c:1304:6:HAL_SAI_MspDeInit	16	static
