Archive member included to satisfy reference by file (symbol)

/opt/st/stm32cubeide_1.16.0/plugins/com.st.stm32cube.ide.mcu.externaltools.gnu-tools-for-stm32.12.3.rel1.linux64_1.0.200.202406132123/tools/bin/../lib/gcc/arm-none-eabi/12.3.1/../../../../arm-none-eabi/lib/thumb/v7e-m+dp/hard/libc_nano.a(libc_a-exit.o)
                              /opt/st/stm32cubeide_1.16.0/plugins/com.st.stm32cube.ide.mcu.externaltools.gnu-tools-for-stm32.12.3.rel1.linux64_1.0.200.202406132123/tools/bin/../lib/gcc/arm-none-eabi/12.3.1/../../../../arm-none-eabi/lib/thumb/v7e-m+dp/hard/crt0.o (exit)
/opt/st/stm32cubeide_1.16.0/plugins/com.st.stm32cube.ide.mcu.externaltools.gnu-tools-for-stm32.12.3.rel1.linux64_1.0.200.202406132123/tools/bin/../lib/gcc/arm-none-eabi/12.3.1/../../../../arm-none-eabi/lib/thumb/v7e-m+dp/hard/libc_nano.a(libc_a-findfp.o)
                              /opt/st/stm32cubeide_1.16.0/plugins/com.st.stm32cube.ide.mcu.externaltools.gnu-tools-for-stm32.12.3.rel1.linux64_1.0.200.202406132123/tools/bin/../lib/gcc/arm-none-eabi/12.3.1/../../../../arm-none-eabi/lib/thumb/v7e-m+dp/hard/libc_nano.a(libc_a-exit.o) (__stdio_exit_handler)
/opt/st/stm32cubeide_1.16.0/plugins/com.st.stm32cube.ide.mcu.externaltools.gnu-tools-for-stm32.12.3.rel1.linux64_1.0.200.202406132123/tools/bin/../lib/gcc/arm-none-eabi/12.3.1/../../../../arm-none-eabi/lib/thumb/v7e-m+dp/hard/libc_nano.a(libc_a-fwalk.o)
                              /opt/st/stm32cubeide_1.16.0/plugins/com.st.stm32cube.ide.mcu.externaltools.gnu-tools-for-stm32.12.3.rel1.linux64_1.0.200.202406132123/tools/bin/../lib/gcc/arm-none-eabi/12.3.1/../../../../arm-none-eabi/lib/thumb/v7e-m+dp/hard/libc_nano.a(libc_a-findfp.o) (_fwalk_sglue)
/opt/st/stm32cubeide_1.16.0/plugins/com.st.stm32cube.ide.mcu.externaltools.gnu-tools-for-stm32.12.3.rel1.linux64_1.0.200.202406132123/tools/bin/../lib/gcc/arm-none-eabi/12.3.1/../../../../arm-none-eabi/lib/thumb/v7e-m+dp/hard/libc_nano.a(libc_a-stdio.o)
                              /opt/st/stm32cubeide_1.16.0/plugins/com.st.stm32cube.ide.mcu.externaltools.gnu-tools-for-stm32.12.3.rel1.linux64_1.0.200.202406132123/tools/bin/../lib/gcc/arm-none-eabi/12.3.1/../../../../arm-none-eabi/lib/thumb/v7e-m+dp/hard/libc_nano.a(libc_a-findfp.o) (__sread)
/opt/st/stm32cubeide_1.16.0/plugins/com.st.stm32cube.ide.mcu.externaltools.gnu-tools-for-stm32.12.3.rel1.linux64_1.0.200.202406132123/tools/bin/../lib/gcc/arm-none-eabi/12.3.1/../../../../arm-none-eabi/lib/thumb/v7e-m+dp/hard/libc_nano.a(libc_a-memset.o)
                              /opt/st/stm32cubeide_1.16.0/plugins/com.st.stm32cube.ide.mcu.externaltools.gnu-tools-for-stm32.12.3.rel1.linux64_1.0.200.202406132123/tools/bin/../lib/gcc/arm-none-eabi/12.3.1/../../../../arm-none-eabi/lib/thumb/v7e-m+dp/hard/crt0.o (memset)
/opt/st/stm32cubeide_1.16.0/plugins/com.st.stm32cube.ide.mcu.externaltools.gnu-tools-for-stm32.12.3.rel1.linux64_1.0.200.202406132123/tools/bin/../lib/gcc/arm-none-eabi/12.3.1/../../../../arm-none-eabi/lib/thumb/v7e-m+dp/hard/libc_nano.a(libc_a-closer.o)
                              /opt/st/stm32cubeide_1.16.0/plugins/com.st.stm32cube.ide.mcu.externaltools.gnu-tools-for-stm32.12.3.rel1.linux64_1.0.200.202406132123/tools/bin/../lib/gcc/arm-none-eabi/12.3.1/../../../../arm-none-eabi/lib/thumb/v7e-m+dp/hard/libc_nano.a(libc_a-stdio.o) (_close_r)
/opt/st/stm32cubeide_1.16.0/plugins/com.st.stm32cube.ide.mcu.externaltools.gnu-tools-for-stm32.12.3.rel1.linux64_1.0.200.202406132123/tools/bin/../lib/gcc/arm-none-eabi/12.3.1/../../../../arm-none-eabi/lib/thumb/v7e-m+dp/hard/libc_nano.a(libc_a-reent.o)
                              /opt/st/stm32cubeide_1.16.0/plugins/com.st.stm32cube.ide.mcu.externaltools.gnu-tools-for-stm32.12.3.rel1.linux64_1.0.200.202406132123/tools/bin/../lib/gcc/arm-none-eabi/12.3.1/../../../../arm-none-eabi/lib/thumb/v7e-m+dp/hard/libc_nano.a(libc_a-closer.o) (errno)
/opt/st/stm32cubeide_1.16.0/plugins/com.st.stm32cube.ide.mcu.externaltools.gnu-tools-for-stm32.12.3.rel1.linux64_1.0.200.202406132123/tools/bin/../lib/gcc/arm-none-eabi/12.3.1/../../../../arm-none-eabi/lib/thumb/v7e-m+dp/hard/libc_nano.a(libc_a-impure.o)
                              /opt/st/stm32cubeide_1.16.0/plugins/com.st.stm32cube.ide.mcu.externaltools.gnu-tools-for-stm32.12.3.rel1.linux64_1.0.200.202406132123/tools/bin/../lib/gcc/arm-none-eabi/12.3.1/../../../../arm-none-eabi/lib/thumb/v7e-m+dp/hard/libc_nano.a(libc_a-reent.o) (_impure_ptr)
/opt/st/stm32cubeide_1.16.0/plugins/com.st.stm32cube.ide.mcu.externaltools.gnu-tools-for-stm32.12.3.rel1.linux64_1.0.200.202406132123/tools/bin/../lib/gcc/arm-none-eabi/12.3.1/../../../../arm-none-eabi/lib/thumb/v7e-m+dp/hard/libc_nano.a(libc_a-lseekr.o)
                              /opt/st/stm32cubeide_1.16.0/plugins/com.st.stm32cube.ide.mcu.externaltools.gnu-tools-for-stm32.12.3.rel1.linux64_1.0.200.202406132123/tools/bin/../lib/gcc/arm-none-eabi/12.3.1/../../../../arm-none-eabi/lib/thumb/v7e-m+dp/hard/libc_nano.a(libc_a-stdio.o) (_lseek_r)
[...]
Memory Configuration

Name             Origin             Length             Attributes
FLASH            0x08000000         0x00020000         xr
DTCMRAM          0x20000000         0x00020000         xrw
RAM_D1           0x24000000         0x00080000         xrw
RAM_D2           0x30000000         0x00048000         xrw
RAM_D3           0x38000000         0x00010000         xrw
ITCMRAM          0x00000000         0x00010000         xrw
*default*        0x00000000         0xffffffff

Linker script and memory map

LOAD /opt/st/stm32cubeide_1.16.0/plugins/com.st.stm32cube.ide.mcu.externaltools.gnu-tools-for-stm32.12.3.rel1.linux64_1.0.200.202406132123/tools/bin/../lib/gcc/arm-none-eabi/12.3.1/thumb/v7e-m+dp/hard/crti.o
LOAD /opt/st/stm32cubeide_1.16.0/plugins/com.st.stm32cube.ide.mcu.externaltools.gnu-tools-for-stm32.12.3.rel1.linux64_1.0.200.202406132123/tools/bin/../lib/gcc/arm-none-eabi/12.3.1/thumb/v7e-m+dp/hard/crtbegin.o
LOAD /opt/st/stm32cubeide_1.16.0/plugins/com.st.stm32cube.ide.mcu.externaltools.gnu-tools-for-stm32.12.3.rel1.linux64_1.0.200.202406132123/tools/bin/../lib/gcc/arm-none-eabi/12.3.1/../../../../arm-none-eabi/lib/thumb/v7e-m+dp/hard/crt0.o
LOAD ./Core/Src/main.o
LOAD ./Core/Src/stm32h7xx_hal_msp.o
LOAD ./Core/Src/stm32h7xx_it.o
LOAD ./Core/Src/syscalls.o
LOAD ./Core/Src/sysmem.o
LOAD ./Core/Src/system_stm32h7xx.o
LOAD ./Core/Startup/startup_stm32h750xbhx.o
LOAD ./Drivers/STM32H7xx_HAL_Driver/Src/stm32h7xx_hal.o
LOAD ./Drivers/STM32H7xx_HAL_Driver/Src/stm32h7xx_hal_adc.o
LOAD ./Drivers/STM32H7xx_HAL_Driver/Src/stm32h7xx_hal_adc_ex.o
LOAD ./Drivers/STM32H7xx_HAL_Driver/Src/stm32h7xx_hal_cortex.o
LOAD ./Drivers/STM32H7xx_HAL_Driver/Src/stm32h7xx_hal_dma.o
LOAD ./Drivers/STM32H7xx_HAL_Driver/Src/stm32h7xx_hal_dma_ex.o
LOAD ./Drivers/STM32H7xx_HAL_Driver/Src/stm32h7xx_hal_eth.o
LOAD ./Drivers/STM32H7xx_HAL_Driver/Src/stm32h7xx_hal_eth_ex.o
LOAD ./Drivers/STM32H7xx_HAL_Driver/Src/stm32h7xx_hal_exti.o
LOAD ./Drivers/STM32H7xx_HAL_Driver/Src/stm32h7xx_hal_fdcan.o
LOAD ./Drivers/STM32H7xx_HAL_Driver/Src/stm32h7xx_hal_flash.o
LOAD ./Drivers/STM32H7xx_HAL_Driver/Src/stm32h7xx_hal_flash_ex.o
LOAD ./Drivers/STM32H7xx_HAL_Driver/Src/stm32h7xx_hal_gpio.o
LOAD ./Drivers/STM32H7xx_HAL_Driver/Src/stm32h7xx_hal_hsem.o
LOAD ./Drivers/STM32H7xx_HAL_Driver/Src/stm32h7xx_hal_i2c.o
LOAD ./Drivers/STM32H7xx_HAL_Driver/Src/stm32h7xx_hal_i2c_ex.o
LOAD ./Drivers/STM32H7xx_HAL_Driver/Src/stm32h7xx_hal_ltdc.o
LOAD ./Drivers/STM32H7xx_HAL_Driver/Src/stm32h7xx_hal_ltdc_ex.o
LOAD ./Drivers/STM32H7xx_HAL_Driver/Src/stm32h7xx_hal_mdma.o
LOAD ./Drivers/STM32H7xx_HAL_Driver/Src/stm32h7xx_hal_pcd.o
LOAD ./Drivers/STM32H7xx_HAL_Driver/Src/stm32h7xx_hal_pcd_ex.o
LOAD ./Drivers/STM32H7xx_HAL_Driver/Src/stm32h7xx_hal_pwr.o
LOAD ./Drivers/STM32H7xx_HAL_Driver/Src/stm32h7xx_hal_pwr_ex.o
LOAD ./Drivers/STM32H7xx_HAL_Driver/Src/stm32h7xx_hal_rcc.o
LOAD ./Drivers/STM32H7xx_HAL_Driver/Src/stm32h7xx_hal_rcc_ex.o
LOAD ./Drivers/STM32H7xx_HAL_Driver/Src/stm32h7xx_hal_rtc.o
LOAD ./Drivers/STM32H7xx_HAL_Driver/Src/stm32h7xx_hal_rtc_ex.o
LOAD ./Drivers/STM32H7xx_HAL_Driver/Src/stm32h7xx_hal_sai.o
LOAD ./Drivers/STM32H7xx_HAL_Driver/Src/stm32h7xx_hal_sai_ex.o
LOAD ./Drivers/STM32H7xx_HAL_Driver/Src/stm32h7xx_hal_sdram.o
LOAD ./Drivers/STM32H7xx_HAL_Driver/Src/stm32h7xx_hal_tim.o
LOAD ./Drivers/STM32H7xx_HAL_Driver/Src/stm32h7xx_hal_tim_ex.o
LOAD ./Drivers/STM32H7xx_HAL_Driver/Src/stm32h7xx_hal_uart.o
LOAD ./Drivers/STM32H7xx_HAL_Driver/Src/stm32h7xx_hal_uart_ex.o
LOAD ./Drivers/STM32H7xx_HAL_Driver/Src/stm32h7xx_ll_fmc.o
LOAD ./Drivers/STM32H7xx_HAL_Driver/Src/stm32h7xx_ll_usb.o
START GROUP
LOAD /opt/st/stm32cubeide_1.16.0/plugins/com.st.stm32cube.ide.mcu.externaltools.gnu-tools-for-stm32.12.3.rel1.linux64_1.0.200.202406132123/tools/bin/../lib/gcc/arm-none-eabi/12.3.1/../../../../arm-none-eabi/lib/thumb/v7e-m+dp/hard/libc_nano.a
LOAD /opt/st/stm32cubeide_1.16.0/plugins/com.st.stm32cube.ide.mcu.externaltools.gnu-tools-for-stm32.12.3.rel1.linux64_1.0.200.202406132123/tools/bin/../lib/gcc/arm-none-eabi/12.3.1/../../../../arm-none-eabi/lib/thumb/v7e-m+dp/hard/libm.a
END GROUP
START GROUP
LOAD /opt/st/stm32cubeide_1.16.0/plugins/com.st.stm32cube.ide.mcu.externaltools.gnu-tools-for-stm32.12.3.rel1.linux64_1.0.200.202406132123/tools/bin/../lib/gcc/arm-none-eabi/12.3.1/thumb/v7e-m+dp/hard/libgcc.a
LOAD /opt/st/stm32cubeide_1.16.0/plugins/com.st.stm32cube.ide.mcu.externaltools.gnu-tools-for-stm32.12.3.rel1.linux64_1.0.200.202406132123/tools/bin/../lib/gcc/arm-none-eabi/12.3.1/../../../../arm-none-eabi/lib/thumb/v7e-m+dp/hard/libc_nano.a
END GROUP
START GROUP
LOAD /opt/st/stm32cubeide_1.16.0/plugins/com.st.stm32cube.ide.mcu.externaltools.gnu-tools-for-stm32.12.3.rel1.linux64_1.0.200.202406132123/tools/bin/../lib/gcc/arm-none-eabi/12.3.1/thumb/v7e-m+dp/hard/libgcc.a
LOAD /opt/st/stm32cubeide_1.16.0/plugins/com.st.stm32cube.ide.mcu.externaltools.gnu-tools-for-stm32.12.3.rel1.linux64_1.0.200.202406132123/tools/bin/../lib/gcc/arm-none-eabi/12.3.1/../../../../arm-none-eabi/lib/thumb/v7e-m+dp/hard/libc_nano.a
LOAD /opt/st/stm32cubeide_1.16.0/plugins/com.st.stm32cube.ide.mcu.externaltools.gnu-tools-for-stm32.12.3.rel1.linux64_1.0.200.202406132123/tools/bin/../lib/gcc/arm-none-eabi/12.3.1/../../../../arm-none-eabi/lib/thumb/v7e-m+dp/hard/libnosys.a
END GROUP
START GROUP
LOAD /opt/st/stm32cubeide_1.16.0/plugins/com.st.stm32cube.ide.mcu.externaltools.gnu-tools-for-stm32.12.3.rel1.linux64_1.0.200.202406132123/tools/bin/../lib/gcc/arm-none-eabi/12.3.1/thumb/v7e-m+dp/hard/libgcc.a
LOAD /opt/st/stm32cubeide_1.16.0/plugins/com.st.stm32cube.ide.mcu.externaltools.gnu-tools-for-stm32.12.3.rel1.linux64_1.0.200.202406132123/tools/bin/../lib/gcc/arm-none-eabi/12.3.1/../../../../arm-none-eabi/lib/thumb/v7e-m+dp/hard/libc_nano.a
LOAD /opt/st/stm32cubeide_1.16.0/plugins/com.st.stm32cube.ide.mcu.externaltools.gnu-tools-for-stm32.12.3.rel1.linux64_1.0.200.202406132123/tools/bin/../lib/gcc/arm-none-eabi/12.3.1/../../../../arm-none-eabi/lib/thumb/v7e-m+dp/hard/libnosys.a
END GROUP
LOAD /opt/st/stm32cubeide_1.16.0/plugins/com.st.stm32cube.ide.mcu.externaltools.gnu-tools-for-stm32.12.3.rel1.linux64_1.0.200.202406132123/tools/bin/../lib/gcc/arm-none-eabi/12.3.1/thumb/v7e-m+dp/hard/crtend.o
LOAD /opt/st/stm32cubeide_1.16.0/plugins/com.st.stm32cube.ide.mcu.externaltools.gnu-tools-for-stm32.12.3.rel1.linux64_1.0.200.202406132123/tools/bin/../lib/gcc/arm-none-eabi/12.3.1/thumb/v7e-m+dp/hard/crtn.o
                0x24080000                        _estack = (ORIGIN (RAM_D1) + LENGTH (RAM_D1))
                0x00000200                        _Min_Heap_Size = 0x200
                0x00000400                        _Min_Stack_Size = 0x400

.isr_vector     0x08000000      0x298
                0x08000000                        . = ALIGN (0x4)
 *(.isr_vector)
 .isr_vector    0x08000000      0x298 ./Core/Startup/startup_stm32h750xbhx.o
                0x08000000                g_pfnVectors
                0x08000298                        . = ALIGN (0x4)

.text           0x08000298     0xbcdc
                0x08000298                        . = ALIGN (0x4)
 *(.text)
 .text          0x08000298       0x40 /opt/st/stm32cubeide_1.16.0/plugins/com.st.stm32cube.ide.mcu.externaltools.gnu-tools-for-stm32.12.3.rel1.linux64_1.0.200.202406132123/tools/bin/../lib/gcc/arm-none-eabi/12.3.1/thumb/v7e-m+dp/hard/crtbegin.o
 .text          0x080002d8       0x30 /opt/st/stm32cubeide_1.16.0/plugins/com.st.stm32cube.ide.mcu.externaltools.gnu-tools-for-stm32.12.3.rel1.linux64_1.0.200.202406132123/tools/bin/../lib/gcc/arm-none-eabi/12.3.1/thumb/v7e-m+dp/hard/libgcc.a(_aeabi_uldivmod.o)
                0x080002d8                __aeabi_uldivmod
 .text          0x08000308      0x2bc /opt/st/stm32cubeide_1.16.0/plugins/com.st.stm32cube.ide.mcu.externaltools.gnu-tools-for-stm32.12.3.rel1.linux64_1.0.200.202406132123/tools/bin/../lib/gcc/arm-none-eabi/12.3.1/thumb/v7e-m+dp/hard/libgcc.a(_udivmoddi4.o)
                0x08000308                __udivmoddi4
 .text          0x080005c4        0x4 /opt/st/stm32cubeide_1.16.0/plugins/com.st.stm32cube.ide.mcu.externaltools.gnu-tools-for-stm32.12.3.rel1.linux64_1.0.200.202406132123/tools/bin/../lib/gcc/arm-none-eabi/12.3.1/thumb/v7e-m+dp/hard/libgcc.a(_dvmd_tls.o)
                0x080005c4                __aeabi_ldiv0
                0x080005c4                __aeabi_idiv0
 *(.text*)
 .text.lcd_send_cmd
                0x080005c8       0x68 ./Core/Src/main.o
                0x080005c8                lcd_send_cmd
 .text.lcd_send_data
                0x08000630       0x68 ./Core/Src/main.o
                0x08000630                lcd_send_data
 .text.lcd_init
                0x08000698       0x74 ./Core/Src/main.o
                0x08000698                lcd_init
 .text.lcd_put_cur
                0x0800070c       0x3e ./Core/Src/main.o
                0x0800070c                lcd_put_cur
 *fill*         0x0800074a        0x2 
 .text.read_keypad
                0x0800074c      0x31c ./Core/Src/main.o
                0x0800074c                read_keypad
 .text.main     0x08000a68       0x5a ./Core/Src/main.o
                0x08000a68                main
 *fill*         0x08000ac2        0x2 
 .text.SystemClock_Config
                0x08000ac4      0x104 ./Core/Src/main.o
                0x08000ac4                SystemClock_Config
 .text.PeriphCommonClock_Config
                0x08000bc8       0x5e ./Core/Src/main.o
                0x08000bc8                PeriphCommonClock_Config
 *fill*         0x08000c26        0x2 
 .text.MX_ADC1_Init
                0x08000c28       0xec ./Core/Src/main.o
 .text.MX_ADC2_Init
                0x08000d14       0xc8 ./Core/Src/main.o
 .text.MX_ADC3_Init
                0x08000ddc       0xc4 ./Core/Src/main.o
 .text.MX_ETH_Init
                0x08000ea0       0x98 ./Core/Src/main.o
 .text.MX_FDCAN1_Init
                0x08000f38       0xc8 ./Core/Src/main.o
 .text.MX_FDCAN2_Init
                0x08001000       0xc8 ./Core/Src/main.o
 .text.MX_I2C4_Init
                0x080010c8       0x80 ./Core/Src/main.o
 .text.MX_LTDC_Init
                0x08001148      0x164 ./Core/Src/main.o
 .text.MX_RTC_Init
                0x080012ac       0x50 ./Core/Src/main.o
 .text.MX_SAI2_Init
                0x080012fc      0x17c ./Core/Src/main.o
 .text.MX_USART3_UART_Init
                0x08001478       0x98 ./Core/Src/main.o
 .text.MX_USB_OTG_FS_PCD_Init
                0x08001510       0x64 ./Core/Src/main.o
 .text.MX_FMC_Init
                0x08001574       0x9c ./Core/Src/main.o
 .text.MX_GPIO_Init
                0x08001610      0x4b8 ./Core/Src/main.o
 .text.Error_Handler
                0x08001ac8        0xc ./Core/Src/main.o
                0x08001ac8                Error_Handler
 .text.HAL_MspInit
                0x08001ad4       0x34 ./Core/Src/stm32h7xx_hal_msp.o
                0x08001ad4                HAL_MspInit
 .text.HAL_ADC_MspInit
                0x08001b08      0x204 ./Core/Src/stm32h7xx_hal_msp.o
                0x08001b08                HAL_ADC_MspInit
 .text.HAL_ETH_MspInit
                0x08001d0c      0x260 ./Core/Src/stm32h7xx_hal_msp.o
                0x08001d0c                HAL_ETH_MspInit
 .text.HAL_FDCAN_MspInit
                0x08001f6c      0x1a0 ./Core/Src/stm32h7xx_hal_msp.o
                0x08001f6c                HAL_FDCAN_MspInit
 .text.HAL_I2C_MspInit
                0x0800210c       0xd4 ./Core/Src/stm32h7xx_hal_msp.o
                0x0800210c                HAL_I2C_MspInit
 .text.HAL_LTDC_MspInit
                0x080021e0      0x1dc ./Core/Src/stm32h7xx_hal_msp.o
                0x080021e0                HAL_LTDC_MspInit
 .text.HAL_RTC_MspInit
                0x080023bc       0x64 ./Core/Src/stm32h7xx_hal_msp.o
                0x080023bc                HAL_RTC_MspInit
 .text.HAL_UART_MspInit
                0x08002420       0xd4 ./Core/Src/stm32h7xx_hal_msp.o
                0x08002420                HAL_UART_MspInit
 .text.HAL_PCD_MspInit
                0x080024f4       0xf8 ./Core/Src/stm32h7xx_hal_msp.o
                0x080024f4                HAL_PCD_MspInit
 .text.HAL_FMC_MspInit
                0x080025ec      0x178 ./Core/Src/stm32h7xx_hal_msp.o
 .text.HAL_SDRAM_MspInit
                0x08002764       0x14 ./Core/Src/stm32h7xx_hal_msp.o
                0x08002764                HAL_SDRAM_MspInit
 .text.HAL_SAI_MspInit
                0x08002778      0x148 ./Core/Src/stm32h7xx_hal_msp.o
                0x08002778                HAL_SAI_MspInit
 .text.NMI_Handler
                0x080028c0        0x8 ./Core/Src/stm32h7xx_it.o
                0x080028c0                NMI_Handler
 .text.HardFault_Handler
                0x080028c8        0x8 ./Core/Src/stm32h7xx_it.o
                0x080028c8                HardFault_Handler
 .text.MemManage_Handler
                0x080028d0        0x8 ./Core/Src/stm32h7xx_it.o
                0x080028d0                MemManage_Handler
 .text.BusFault_Handler
                0x080028d8        0x8 ./Core/Src/stm32h7xx_it.o
                0x080028d8                BusFault_Handler
 .text.UsageFault_Handler
                0x080028e0        0x8 ./Core/Src/stm32h7xx_it.o
                0x080028e0                UsageFault_Handler
 .text.SVC_Handler
                0x080028e8        0xe ./Core/Src/stm32h7xx_it.o
                0x080028e8                SVC_Handler
 .text.DebugMon_Handler
                0x080028f6        0xe ./Core/Src/stm32h7xx_it.o
                0x080028f6                DebugMon_Handler
 .text.PendSV_Handler
                0x08002904        0xe ./Core/Src/stm32h7xx_it.o
                0x08002904                PendSV_Handler
 .text.SysTick_Handler
                0x08002912        0xc ./Core/Src/stm32h7xx_it.o
                0x08002912                SysTick_Handler
 *fill*         0x0800291e        0x2 
 .text.SystemInit
                0x08002920      0x110 ./Core/Src/system_stm32h7xx.o
                0x08002920                SystemInit
 .text.Reset_Handler
                0x08002a30       0x50 ./Core/Startup/startup_stm32h750xbhx.o
                0x08002a30                Reset_Handler
 .text.Default_Handler
                0x08002a80        0x2 ./Core/Startup/startup_stm32h750xbhx.o
                0x08002a80                RTC_Alarm_IRQHandler
                0x08002a80                HASH_RNG_IRQHandler
                0x08002a80                EXTI2_IRQHandler
                0x08002a80                TIM8_CC_IRQHandler
                0x08002a80                HRTIM1_Master_IRQHandler
                0x08002a80                UART8_IRQHandler
                0x08002a80                SPI4_IRQHandler
                0x08002a80                TIM1_CC_IRQHandler
                0x08002a80                BDMA_Channel6_IRQHandler
                0x08002a80                DMA2_Stream5_IRQHandler
                0x08002a80                HRTIM1_FLT_IRQHandler
                0x08002a80                JPEG_IRQHandler
                0x08002a80                DMA1_Stream5_IRQHandler
                0x08002a80                BDMA_Channel1_IRQHandler
                0x08002a80                HRTIM1_TIMD_IRQHandler
                0x08002a80                TAMP_STAMP_IRQHandler
                0x08002a80                EXTI3_IRQHandler
                0x08002a80                LPTIM4_IRQHandler
                0x08002a80                TIM8_TRG_COM_TIM14_IRQHandler
                0x08002a80                LPTIM2_IRQHandler
                0x08002a80                DFSDM1_FLT1_IRQHandler
                0x08002a80                DMAMUX2_OVR_IRQHandler
                0x08002a80                TIM8_UP_TIM13_IRQHandler
                0x08002a80                I2C3_ER_IRQHandler
                0x08002a80                DFSDM1_FLT2_IRQHandler
                0x08002a80                MDMA_IRQHandler
                0x08002a80                LPTIM3_IRQHandler
                0x08002a80                HSEM1_IRQHandler
                0x08002a80                EXTI0_IRQHandler
                0x08002a80                I2C2_EV_IRQHandler
                0x08002a80                DMA1_Stream2_IRQHandler
                0x08002a80                FPU_IRQHandler
                0x08002a80                OTG_HS_WKUP_IRQHandler
                0x08002a80                FDCAN1_IT1_IRQHandler
                0x08002a80                LTDC_ER_IRQHandler
                0x08002a80                DMA2_Stream2_IRQHandler
                0x08002a80                HRTIM1_TIME_IRQHandler
                0x08002a80                SPI1_IRQHandler
                0x08002a80                TIM6_DAC_IRQHandler
                0x08002a80                DCMI_IRQHandler
                0x08002a80                HRTIM1_TIMC_IRQHandler
                0x08002a80                DMA2_Stream3_IRQHandler
                0x08002a80                SAI2_IRQHandler
                0x08002a80                DFSDM1_FLT3_IRQHandler
                0x08002a80                USART6_IRQHandler
                0x08002a80                TIM17_IRQHandler
                0x08002a80                USART3_IRQHandler
                0x08002a80                BDMA_Channel7_IRQHandler
                0x08002a80                CRYP_IRQHandler
                0x08002a80                LPTIM5_IRQHandler
                0x08002a80                UART5_IRQHandler
                0x08002a80                ADC3_IRQHandler
                0x08002a80                DMA2_Stream0_IRQHandler
                0x08002a80                TIM4_IRQHandler
                0x08002a80                BDMA_Channel2_IRQHandler
                0x08002a80                QUADSPI_IRQHandler
                0x08002a80                I2C1_EV_IRQHandler
                0x08002a80                DMA1_Stream6_IRQHandler
                0x08002a80                DMAMUX1_OVR_IRQHandler
                0x08002a80                DMA1_Stream1_IRQHandler
                0x08002a80                TIM16_IRQHandler
                0x08002a80                UART4_IRQHandler
                0x08002a80                BDMA_Channel5_IRQHandler
                0x08002a80                TIM3_IRQHandler
                0x08002a80                RCC_IRQHandler
                0x08002a80                TIM8_BRK_TIM12_IRQHandler
                0x08002a80                TIM1_TRG_COM_IRQHandler
                0x08002a80                Default_Handler
                0x08002a80                ECC_IRQHandler
                0x08002a80                CEC_IRQHandler
                0x08002a80                EXTI15_10_IRQHandler
                0x08002a80                BDMA_Channel0_IRQHandler
                0x08002a80                ADC_IRQHandler
                0x08002a80                DMA1_Stream7_IRQHandler
                0x08002a80                HRTIM1_TIMA_IRQHandler
                0x08002a80                SPI5_IRQHandler
                0x08002a80                TIM7_IRQHandler
                0x08002a80                SDMMC1_IRQHandler
                0x08002a80                TIM5_IRQHandler
                0x08002a80                DMA2_Stream7_IRQHandler
                0x08002a80                TIM15_IRQHandler
                0x08002a80                PVD_AVD_IRQHandler
                0x08002a80                I2C3_EV_IRQHandler
                0x08002a80                EXTI9_5_IRQHandler
                0x08002a80                RTC_WKUP_IRQHandler
                0x08002a80                LTDC_IRQHandler
                0x08002a80                SAI3_IRQHandler
                0x08002a80                ETH_WKUP_IRQHandler
                0x08002a80                SPDIF_RX_IRQHandler
                0x08002a80                SPI2_IRQHandler
                0x08002a80                OTG_HS_EP1_IN_IRQHandler
                0x08002a80                DMA1_Stream0_IRQHandler
                0x08002a80                CRS_IRQHandler
                0x08002a80                EXTI4_IRQHandler
                0x08002a80                HRTIM1_TIMB_IRQHandler
                0x08002a80                FDCAN2_IT1_IRQHandler
                0x08002a80                ETH_IRQHandler
                0x08002a80                TIM1_UP_IRQHandler
                0x08002a80                BDMA_Channel4_IRQHandler
                0x08002a80                OTG_HS_EP1_OUT_IRQHandler
                0x08002a80                WWDG_IRQHandler
                0x08002a80                SPI6_IRQHandler
                0x08002a80                MDIOS_IRQHandler
                0x08002a80                I2C4_EV_IRQHandler
                0x08002a80                FDCAN2_IT0_IRQHandler
                0x08002a80                LPUART1_IRQHandler
                0x08002a80                FDCAN1_IT0_IRQHandler
                0x08002a80                TIM2_IRQHandler
                0x08002a80                OTG_FS_WKUP_IRQHandler
                0x08002a80                OTG_HS_IRQHandler
                0x08002a80                DMA2D_IRQHandler
                0x08002a80                TIM1_BRK_IRQHandler
                0x08002a80                EXTI1_IRQHandler
                0x08002a80                SDMMC2_IRQHandler
                0x08002a80                OTG_FS_EP1_OUT_IRQHandler
                0x08002a80                BDMA_Channel3_IRQHandler
                0x08002a80                UART7_IRQHandler
                0x08002a80                MDIOS_WKUP_IRQHandler
                0x08002a80                USART2_IRQHandler
                0x08002a80                DFSDM1_FLT0_IRQHandler
                0x08002a80                SAI4_IRQHandler
                0x08002a80                I2C2_ER_IRQHandler
                0x08002a80                DMA2_Stream1_IRQHandler
                0x08002a80                FLASH_IRQHandler
                0x08002a80                DMA2_Stream4_IRQHandler
                0x08002a80                USART1_IRQHandler
                0x08002a80                OTG_FS_IRQHandler
                0x08002a80                SPI3_IRQHandler
                0x08002a80                WAKEUP_PIN_IRQHandler
                0x08002a80                DMA1_Stream4_IRQHandler
                0x08002a80                OTG_FS_EP1_IN_IRQHandler
                0x08002a80                I2C1_ER_IRQHandler
                0x08002a80                FMC_IRQHandler
                0x08002a80                FDCAN_CAL_IRQHandler
                0x08002a80                SWPMI1_IRQHandler
                0x08002a80                COMP1_IRQHandler
                0x08002a80                LPTIM1_IRQHandler
                0x08002a80                I2C4_ER_IRQHandler
                0x08002a80                DMA2_Stream6_IRQHandler
                0x08002a80                SAI1_IRQHandler
                0x08002a80                DMA1_Stream3_IRQHandler
 *fill*         0x08002a82        0x2 
 .text.HAL_Init
                0x08002a84       0x78 ./Drivers/STM32H7xx_HAL_Driver/Src/stm32h7xx_hal.o
                0x08002a84                HAL_Init
 .text.HAL_InitTick
                0x08002afc       0x6c ./Drivers/STM32H7xx_HAL_Driver/Src/stm32h7xx_hal.o
                0x08002afc                HAL_InitTick
 .text.HAL_IncTick
                0x08002b68       0x28 ./Drivers/STM32H7xx_HAL_Driver/Src/stm32h7xx_hal.o
                0x08002b68                HAL_IncTick
 .text.HAL_GetTick
                0x08002b90       0x18 ./Drivers/STM32H7xx_HAL_Driver/Src/stm32h7xx_hal.o
                0x08002b90                HAL_GetTick
 .text.HAL_Delay
                0x08002ba8       0x48 ./Drivers/STM32H7xx_HAL_Driver/Src/stm32h7xx_hal.o
                0x08002ba8                HAL_Delay
 .text.HAL_GetREVID
                0x08002bf0       0x18 ./Drivers/STM32H7xx_HAL_Driver/Src/stm32h7xx_hal.o
                0x08002bf0                HAL_GetREVID
 .text.HAL_SYSCFG_ETHInterfaceSelect
                0x08002c08       0x28 ./Drivers/STM32H7xx_HAL_Driver/Src/stm32h7xx_hal.o
                0x08002c08                HAL_SYSCFG_ETHInterfaceSelect
 .text.HAL_SYSCFG_AnalogSwitchConfig
                0x08002c30       0x2c ./Drivers/STM32H7xx_HAL_Driver/Src/stm32h7xx_hal.o
                0x08002c30                HAL_SYSCFG_AnalogSwitchConfig
 .text.LL_ADC_SetCommonClock
                0x08002c5c       0x26 ./Drivers/STM32H7xx_HAL_Driver/Src/stm32h7xx_hal_adc.o
 .text.LL_ADC_SetCommonPathInternalCh
                0x08002c82       0x26 ./Drivers/STM32H7xx_HAL_Driver/Src/stm32h7xx_hal_adc.o
 .text.LL_ADC_GetCommonPathInternalCh
                0x08002ca8       0x1c ./Drivers/STM32H7xx_HAL_Driver/Src/stm32h7xx_hal_adc.o
 .text.LL_ADC_SetOffset
                0x08002cc4       0x40 ./Drivers/STM32H7xx_HAL_Driver/Src/stm32h7xx_hal_adc.o
 .text.LL_ADC_SetDataRightShift
                0x08002d04       0x32 ./Drivers/STM32H7xx_HAL_Driver/Src/stm32h7xx_hal_adc.o
 .text.LL_ADC_SetOffsetSignedSaturation
                0x08002d36       0x36 ./Drivers/STM32H7xx_HAL_Driver/Src/stm32h7xx_hal_adc.o
 .text.LL_ADC_REG_SetSequencerRanks
                0x08002d6c       0x58 ./Drivers/STM32H7xx_HAL_Driver/Src/stm32h7xx_hal_adc.o
 .text.LL_ADC_SetChannelSamplingTime
                0x08002dc4       0x56 ./Drivers/STM32H7xx_HAL_Driver/Src/stm32h7xx_hal_adc.o
 *fill*         0x08002e1a        0x2 
 .text.LL_ADC_SetChannelSingleDiff
                0x08002e1c       0x48 ./Drivers/STM32H7xx_HAL_Driver/Src/stm32h7xx_hal_adc.o
 .text.LL_ADC_DisableDeepPowerDown
                0x08002e64       0x24 ./Drivers/STM32H7xx_HAL_Driver/Src/stm32h7xx_hal_adc.o
 .text.LL_ADC_IsDeepPowerDownEnabled
                0x08002e88       0x28 ./Drivers/STM32H7xx_HAL_Driver/Src/stm32h7xx_hal_adc.o
 .text.LL_ADC_EnableInternalRegulator
                0x08002eb0       0x28 ./Drivers/STM32H7xx_HAL_Driver/Src/stm32h7xx_hal_adc.o
 .text.LL_ADC_IsInternalRegulatorEnabled
                0x08002ed8       0x28 ./Drivers/STM32H7xx_HAL_Driver/Src/stm32h7xx_hal_adc.o
 .text.LL_ADC_IsEnabled
                0x08002f00       0x26 ./Drivers/STM32H7xx_HAL_Driver/Src/stm32h7xx_hal_adc.o
 .text.LL_ADC_REG_IsConversionOngoing
                0x08002f26       0x26 ./Drivers/STM32H7xx_HAL_Driver/Src/stm32h7xx_hal_adc.o
 .text.LL_ADC_INJ_IsConversionOngoing
                0x08002f4c       0x26 ./Drivers/STM32H7xx_HAL_Driver/Src/stm32h7xx_hal_adc.o
 *fill*         0x08002f72        0x2 
 .text.HAL_ADC_Init
                0x08002f74      0x344 ./Drivers/STM32H7xx_HAL_Driver/Src/stm32h7xx_hal_adc.o
                0x08002f74                HAL_ADC_Init
 .text.HAL_ADC_ConfigChannel
                0x080032b8      0x6b8 ./Drivers/STM32H7xx_HAL_Driver/Src/stm32h7xx_hal_adc.o
                0x080032b8                HAL_ADC_ConfigChannel
 .text.ADC_ConfigureBoostMode
                0x08003970      0x218 ./Drivers/STM32H7xx_HAL_Driver/Src/stm32h7xx_hal_adc.o
                0x08003970                ADC_ConfigureBoostMode
 .text.LL_ADC_IsEnabled
                0x08003b88       0x26 ./Drivers/STM32H7xx_HAL_Driver/Src/stm32h7xx_hal_adc_ex.o
 .text.LL_ADC_REG_IsConversionOngoing
                0x08003bae       0x26 ./Drivers/STM32H7xx_HAL_Driver/Src/stm32h7xx_hal_adc_ex.o
 .text.HAL_ADCEx_MultiModeConfigChannel
                0x08003bd4      0x1bc ./Drivers/STM32H7xx_HAL_Driver/Src/stm32h7xx_hal_adc_ex.o
                0x08003bd4                HAL_ADCEx_MultiModeConfigChannel
 .text.__NVIC_SetPriorityGrouping
                0x08003d90       0x48 ./Drivers/STM32H7xx_HAL_Driver/Src/stm32h7xx_hal_cortex.o
 .text.__NVIC_GetPriorityGrouping
                0x08003dd8       0x1c ./Drivers/STM32H7xx_HAL_Driver/Src/stm32h7xx_hal_cortex.o
 .text.__NVIC_SetPriority
                0x08003df4       0x54 ./Drivers/STM32H7xx_HAL_Driver/Src/stm32h7xx_hal_cortex.o
 .text.NVIC_EncodePriority
                0x08003e48       0x66 ./Drivers/STM32H7xx_HAL_Driver/Src/stm32h7xx_hal_cortex.o
 *fill*         0x08003eae        0x2 
 .text.SysTick_Config
                0x08003eb0       0x44 ./Drivers/STM32H7xx_HAL_Driver/Src/stm32h7xx_hal_cortex.o
 .text.HAL_NVIC_SetPriorityGrouping
                0x08003ef4       0x16 ./Drivers/STM32H7xx_HAL_Driver/Src/stm32h7xx_hal_cortex.o
                0x08003ef4                HAL_NVIC_SetPriorityGrouping
 .text.HAL_NVIC_SetPriority
                0x08003f0a       0x34 ./Drivers/STM32H7xx_HAL_Driver/Src/stm32h7xx_hal_cortex.o
                0x08003f0a                HAL_NVIC_SetPriority
 .text.HAL_SYSTICK_Config
                0x08003f3e       0x18 ./Drivers/STM32H7xx_HAL_Driver/Src/stm32h7xx_hal_cortex.o
                0x08003f3e                HAL_SYSTICK_Config
 *fill*         0x08003f56        0x2 
 .text.HAL_ETH_Init
                0x08003f58      0x1fc ./Drivers/STM32H7xx_HAL_Driver/Src/stm32h7xx_hal_eth.o
                0x08003f58                HAL_ETH_Init
 .text.HAL_ETH_SetMDIOClockRange
                0x08004154       0xa0 ./Drivers/STM32H7xx_HAL_Driver/Src/stm32h7xx_hal_eth.o
                0x08004154                HAL_ETH_SetMDIOClockRange
 .text.ETH_SetMACConfig
                0x080041f4      0x238 ./Drivers/STM32H7xx_HAL_Driver/Src/stm32h7xx_hal_eth.o
 .text.ETH_SetDMAConfig
                0x0800442c      0x10c ./Drivers/STM32H7xx_HAL_Driver/Src/stm32h7xx_hal_eth.o
 .text.ETH_MACDMAConfig
                0x08004538      0x13a ./Drivers/STM32H7xx_HAL_Driver/Src/stm32h7xx_hal_eth.o
 .text.ETH_DMATxDescListInit
                0x08004672       0x92 ./Drivers/STM32H7xx_HAL_Driver/Src/stm32h7xx_hal_eth.o
 .text.ETH_DMARxDescListInit
                0x08004704       0xba ./Drivers/STM32H7xx_HAL_Driver/Src/stm32h7xx_hal_eth.o
 *fill*         0x080047be        0x2 
 .text.HAL_FDCAN_Init
                0x080047c0      0x3bc ./Drivers/STM32H7xx_HAL_Driver/Src/stm32h7xx_hal_fdcan.o
                0x080047c0                HAL_FDCAN_Init
 .text.FDCAN_CalcultateRamBlockAddresses
                0x08004b7c      0x30c ./Drivers/STM32H7xx_HAL_Driver/Src/stm32h7xx_hal_fdcan.o
 .text.HAL_GPIO_Init
                0x08004e88      0x360 ./Drivers/STM32H7xx_HAL_Driver/Src/stm32h7xx_hal_gpio.o
                0x08004e88                HAL_GPIO_Init
 .text.HAL_GPIO_ReadPin
                0x080051e8       0x30 ./Drivers/STM32H7xx_HAL_Driver/Src/stm32h7xx_hal_gpio.o
                0x080051e8                HAL_GPIO_ReadPin
 .text.HAL_GPIO_WritePin
                0x08005218       0x32 ./Drivers/STM32H7xx_HAL_Driver/Src/stm32h7xx_hal_gpio.o
                0x08005218                HAL_GPIO_WritePin
 *fill*         0x0800524a        0x2 
 .text.HAL_I2C_Init
                0x0800524c      0x138 ./Drivers/STM32H7xx_HAL_Driver/Src/stm32h7xx_hal_i2c.o
                0x0800524c                HAL_I2C_Init
 .text.HAL_I2C_Master_Transmit
                0x08005384      0x230 ./Drivers/STM32H7xx_HAL_Driver/Src/stm32h7xx_hal_i2c.o
                0x08005384                HAL_I2C_Master_Transmit
 .text.I2C_Flush_TXDR
                0x080055b4       0x48 ./Drivers/STM32H7xx_HAL_Driver/Src/stm32h7xx_hal_i2c.o
 .text.I2C_WaitOnFlagUntilTimeout
                0x080055fc       0xb2 ./Drivers/STM32H7xx_HAL_Driver/Src/stm32h7xx_hal_i2c.o
 .text.I2C_WaitOnTXISFlagUntilTimeout
                0x080056ae       0x8e ./Drivers/STM32H7xx_HAL_Driver/Src/stm32h7xx_hal_i2c.o
 .text.I2C_WaitOnSTOPFlagUntilTimeout
                0x0800573c       0x86 ./Drivers/STM32H7xx_HAL_Driver/Src/stm32h7xx_hal_i2c.o
 *fill*         0x080057c2        0x2 
 .text.I2C_IsErrorOccurred
                0x080057c4      0x1c0 ./Drivers/STM32H7xx_HAL_Driver/Src/stm32h7xx_hal_i2c.o
 .text.I2C_TransferConfig
                0x08005984       0x64 ./Drivers/STM32H7xx_HAL_Driver/Src/stm32h7xx_hal_i2c.o
 .text.HAL_I2CEx_ConfigAnalogFilter
                0x080059e8       0x96 ./Drivers/STM32H7xx_HAL_Driver/Src/stm32h7xx_hal_i2c_ex.o
                0x080059e8                HAL_I2CEx_ConfigAnalogFilter
 .text.HAL_I2CEx_ConfigDigitalFilter
                0x08005a7e       0x98 ./Drivers/STM32H7xx_HAL_Driver/Src/stm32h7xx_hal_i2c_ex.o
                0x08005a7e                HAL_I2CEx_ConfigDigitalFilter
 *fill*         0x08005b16        0x2 
 .text.HAL_LTDC_Init
                0x08005b18      0x1a0 ./Drivers/STM32H7xx_HAL_Driver/Src/stm32h7xx_hal_ltdc.o
                0x08005b18                HAL_LTDC_Init
 .text.HAL_LTDC_ConfigLayer
                0x08005cb8       0x7c ./Drivers/STM32H7xx_HAL_Driver/Src/stm32h7xx_hal_ltdc.o
                0x08005cb8                HAL_LTDC_ConfigLayer
 .text.LTDC_SetConfig
                0x08005d34      0x334 ./Drivers/STM32H7xx_HAL_Driver/Src/stm32h7xx_hal_ltdc.o
 .text.HAL_PCD_Init
                0x08006068      0x218 ./Drivers/STM32H7xx_HAL_Driver/Src/stm32h7xx_hal_pcd.o
                0x08006068                HAL_PCD_Init
 .text.HAL_PCDEx_ActivateLPM
                0x08006280       0x48 ./Drivers/STM32H7xx_HAL_Driver/Src/stm32h7xx_hal_pcd_ex.o
                0x08006280                HAL_PCDEx_ActivateLPM
 .text.HAL_PWREx_ConfigSupply
                0x080062c8       0x74 ./Drivers/STM32H7xx_HAL_Driver/Src/stm32h7xx_hal_pwr_ex.o
                0x080062c8                HAL_PWREx_ConfigSupply
 .text.HAL_PWREx_EnableUSBVoltageDetector
                0x0800633c       0x20 ./Drivers/STM32H7xx_HAL_Driver/Src/stm32h7xx_hal_pwr_ex.o
                0x0800633c                HAL_PWREx_EnableUSBVoltageDetector
 .text.HAL_RCC_OscConfig
                0x0800635c      0x8b4 ./Drivers/STM32H7xx_HAL_Driver/Src/stm32h7xx_hal_rcc.o
                0x0800635c                HAL_RCC_OscConfig
 .text.HAL_RCC_ClockConfig
                0x08006c10      0x36c ./Drivers/STM32H7xx_HAL_Driver/Src/stm32h7xx_hal_rcc.o
                0x08006c10                HAL_RCC_ClockConfig
 .text.HAL_RCC_GetSysClockFreq
                0x08006f7c      0x2f4 ./Drivers/STM32H7xx_HAL_Driver/Src/stm32h7xx_hal_rcc.o
                0x08006f7c                HAL_RCC_GetSysClockFreq
 .text.HAL_RCC_GetHCLKFreq
                0x08007270       0x60 ./Drivers/STM32H7xx_HAL_Driver/Src/stm32h7xx_hal_rcc.o
                0x08007270                HAL_RCC_GetHCLKFreq
 .text.HAL_RCC_GetPCLK1Freq
                0x080072d0       0x2c ./Drivers/STM32H7xx_HAL_Driver/Src/stm32h7xx_hal_rcc.o
                0x080072d0                HAL_RCC_GetPCLK1Freq
 .text.HAL_RCC_GetPCLK2Freq
                0x080072fc       0x2c ./Drivers/STM32H7xx_HAL_Driver/Src/stm32h7xx_hal_rcc.o
                0x080072fc                HAL_RCC_GetPCLK2Freq
 .text.HAL_RCCEx_PeriphCLKConfig
                0x08007328     0x1414 ./Drivers/STM32H7xx_HAL_Driver/Src/stm32h7xx_hal_rcc_ex.o
                0x08007328                HAL_RCCEx_PeriphCLKConfig
 .text.HAL_RCCEx_GetPeriphCLKFreq
                0x0800873c      0xb00 ./Drivers/STM32H7xx_HAL_Driver/Src/stm32h7xx_hal_rcc_ex.o
                0x0800873c                HAL_RCCEx_GetPeriphCLKFreq
 .text.HAL_RCCEx_GetD3PCLK1Freq
                0x0800923c       0x2c ./Drivers/STM32H7xx_HAL_Driver/Src/stm32h7xx_hal_rcc_ex.o
                0x0800923c                HAL_RCCEx_GetD3PCLK1Freq
 .text.HAL_RCCEx_GetPLL2ClockFreq
                0x08009268      0x2a8 ./Drivers/STM32H7xx_HAL_Driver/Src/stm32h7xx_hal_rcc_ex.o
                0x08009268                HAL_RCCEx_GetPLL2ClockFreq
 .text.HAL_RCCEx_GetPLL3ClockFreq
                0x08009510      0x2a8 ./Drivers/STM32H7xx_HAL_Driver/Src/stm32h7xx_hal_rcc_ex.o
                0x08009510                HAL_RCCEx_GetPLL3ClockFreq
 .text.HAL_RCCEx_GetPLL1ClockFreq
                0x080097b8      0x2a4 ./Drivers/STM32H7xx_HAL_Driver/Src/stm32h7xx_hal_rcc_ex.o
                0x080097b8                HAL_RCCEx_GetPLL1ClockFreq
 .text.RCCEx_PLL2_Config
                0x08009a5c      0x164 ./Drivers/STM32H7xx_HAL_Driver/Src/stm32h7xx_hal_rcc_ex.o
 .text.RCCEx_PLL3_Config
                0x08009bc0      0x164 ./Drivers/STM32H7xx_HAL_Driver/Src/stm32h7xx_hal_rcc_ex.o
 .text.HAL_RTC_Init
                0x08009d24      0x104 ./Drivers/STM32H7xx_HAL_Driver/Src/stm32h7xx_hal_rtc.o
                0x08009d24                HAL_RTC_Init
 .text.HAL_RTC_WaitForSynchro
                0x08009e28       0x48 ./Drivers/STM32H7xx_HAL_Driver/Src/stm32h7xx_hal_rtc.o
                0x08009e28                HAL_RTC_WaitForSynchro
 .text.RTC_EnterInitMode
                0x08009e70       0x66 ./Drivers/STM32H7xx_HAL_Driver/Src/stm32h7xx_hal_rtc.o
                0x08009e70                RTC_EnterInitMode
 *fill*         0x08009ed6        0x2 
 .text.RTC_ExitInitMode
                0x08009ed8       0x7c ./Drivers/STM32H7xx_HAL_Driver/Src/stm32h7xx_hal_rtc.o
                0x08009ed8                RTC_ExitInitMode
 .text.HAL_SAI_Init
                0x08009f54      0x554 ./Drivers/STM32H7xx_HAL_Driver/Src/stm32h7xx_hal_sai.o
                0x08009f54                HAL_SAI_Init
 .text.SAI_Disable
                0x0800a4a8       0x74 ./Drivers/STM32H7xx_HAL_Driver/Src/stm32h7xx_hal_sai.o
 .text.HAL_SDRAM_Init
                0x0800a51c       0x78 ./Drivers/STM32H7xx_HAL_Driver/Src/stm32h7xx_hal_sdram.o
                0x0800a51c                HAL_SDRAM_Init
 .text.HAL_UART_Init
                0x0800a594       0xa0 ./Drivers/STM32H7xx_HAL_Driver/Src/stm32h7xx_hal_uart.o
                0x0800a594                HAL_UART_Init
 .text.UART_SetConfig
                0x0800a634      0xad0 ./Drivers/STM32H7xx_HAL_Driver/Src/stm32h7xx_hal_uart.o
                0x0800a634                UART_SetConfig
 .text.UART_AdvFeatureConfig
                0x0800b104      0x144 ./Drivers/STM32H7xx_HAL_Driver/Src/stm32h7xx_hal_uart.o
                0x0800b104                UART_AdvFeatureConfig
 .text.UART_CheckIdleState
                0x0800b248      0x154 ./Drivers/STM32H7xx_HAL_Driver/Src/stm32h7xx_hal_uart.o
                0x0800b248                UART_CheckIdleState
 .text.UART_WaitOnFlagUntilTimeout
                0x0800b39c       0xda ./Drivers/STM32H7xx_HAL_Driver/Src/stm32h7xx_hal_uart.o
                0x0800b39c                UART_WaitOnFlagUntilTimeout
 *fill*         0x0800b476        0x2 
 .text.UART_EndRxTransfer
                0x0800b478       0xcc ./Drivers/STM32H7xx_HAL_Driver/Src/stm32h7xx_hal_uart.o
 .text.HAL_UARTEx_DisableFifoMode
                0x0800b544       0x72 ./Drivers/STM32H7xx_HAL_Driver/Src/stm32h7xx_hal_uart_ex.o
                0x0800b544                HAL_UARTEx_DisableFifoMode
 .text.HAL_UARTEx_SetTxFifoThreshold
                0x0800b5b6       0x7c ./Drivers/STM32H7xx_HAL_Driver/Src/stm32h7xx_hal_uart_ex.o
                0x0800b5b6                HAL_UARTEx_SetTxFifoThreshold
 .text.HAL_UARTEx_SetRxFifoThreshold
                0x0800b632       0x7c ./Drivers/STM32H7xx_HAL_Driver/Src/stm32h7xx_hal_uart_ex.o
                0x0800b632                HAL_UARTEx_SetRxFifoThreshold
 *fill*         0x0800b6ae        0x2 
 .text.UARTEx_SetNbDataToProcess
                0x0800b6b0       0x9c ./Drivers/STM32H7xx_HAL_Driver/Src/stm32h7xx_hal_uart_ex.o
 .text.FMC_SDRAM_Init
                0x0800b74c       0xb8 ./Drivers/STM32H7xx_HAL_Driver/Src/stm32h7xx_ll_fmc.o
                0x0800b74c                FMC_SDRAM_Init
 .text.FMC_SDRAM_Timing_Init
                0x0800b804       0xd4 ./Drivers/STM32H7xx_HAL_Driver/Src/stm32h7xx_ll_fmc.o
                0x0800b804                FMC_SDRAM_Timing_Init
 .text.USB_CoreInit
                0x0800b8d8       0xe4 ./Drivers/STM32H7xx_HAL_Driver/Src/stm32h7xx_ll_usb.o
                0x0800b8d8                USB_CoreInit
 .text.USB_DisableGlobalInt
                0x0800b9bc       0x22 ./Drivers/STM32H7xx_HAL_Driver/Src/stm32h7xx_ll_usb.o
                0x0800b9bc                USB_DisableGlobalInt
 .text.USB_SetCurrentMode
                0x0800b9de       0x98 ./Drivers/STM32H7xx_HAL_Driver/Src/stm32h7xx_ll_usb.o
                0x0800b9de                USB_SetCurrentMode
 *fill*         0x0800ba76        0x2 
 .text.USB_DevInit
                0x0800ba78      0x2bc ./Drivers/STM32H7xx_HAL_Driver/Src/stm32h7xx_ll_usb.o
                0x0800ba78                USB_DevInit
 .text.USB_FlushTxFifo
                0x0800bd34       0x64 ./Drivers/STM32H7xx_HAL_Driver/Src/stm32h7xx_ll_usb.o
                0x0800bd34                USB_FlushTxFifo
 .text.USB_FlushRxFifo
                0x0800bd98       0x5c ./Drivers/STM32H7xx_HAL_Driver/Src/stm32h7xx_ll_usb.o
                0x0800bd98                USB_FlushRxFifo
 .text.USB_SetDevSpeed
                0x0800bdf4       0x32 ./Drivers/STM32H7xx_HAL_Driver/Src/stm32h7xx_ll_usb.o
                0x0800bdf4                USB_SetDevSpeed
 .text.USB_DevDisconnect
                0x0800be26       0x42 ./Drivers/STM32H7xx_HAL_Driver/Src/stm32h7xx_ll_usb.o
                0x0800be26                USB_DevDisconnect
 .text.USB_GetMode
                0x0800be68       0x1c ./Drivers/STM32H7xx_HAL_Driver/Src/stm32h7xx_ll_usb.o
                0x0800be68                USB_GetMode
 .text.USB_CoreReset
                0x0800be84       0x62 ./Drivers/STM32H7xx_HAL_Driver/Src/stm32h7xx_ll_usb.o
 .text.memset   0x0800bee6       0x10 /opt/st/stm32cubeide_1.16.0/plugins/com.st.stm32cube.ide.mcu.externaltools.gnu-tools-for-stm32.12.3.rel1.linux64_1.0.200.202406132123/tools/bin/../lib/gcc/arm-none-eabi/12.3.1/../../../../arm-none-eabi/lib/thumb/v7e-m+dp/hard/libc_nano.a(libc_a-memset.o)
                0x0800bee6                memset
 *fill*         0x0800bef6        0x2 
 .text.__libc_init_array
                0x0800bef8       0x48 /opt/st/stm32cubeide_1.16.0/plugins/com.st.stm32cube.ide.mcu.externaltools.gnu-tools-for-stm32.12.3.rel1.linux64_1.0.200.202406132123/tools/bin/../lib/gcc/arm-none-eabi/12.3.1/../../../../arm-none-eabi/lib/thumb/v7e-m+dp/hard/libc_nano.a(libc_a-init.o)
                0x0800bef8                __libc_init_array
 .text.memcpy   0x0800bf40       0x1c /opt/st/stm32cubeide_1.16.0/plugins/com.st.stm32cube.ide.mcu.externaltools.gnu-tools-for-stm32.12.3.rel1.linux64_1.0.200.202406132123/tools/bin/../lib/gcc/arm-none-eabi/12.3.1/../../../../arm-none-eabi/lib/thumb/v7e-m+dp/hard/libc_nano.a(libc_a-memcpy-stub.o)
                0x0800bf40                memcpy
 *(.glue_7)
 .glue_7        0x0800bf5c        0x0 linker stubs
 *(.glue_7t)
 .glue_7t       0x0800bf5c        0x0 linker stubs
 *(.eh_frame)
 .eh_frame      0x0800bf5c        0x0 /opt/st/stm32cubeide_1.16.0/plugins/com.st.stm32cube.ide.mcu.externaltools.gnu-tools-for-stm32.12.3.rel1.linux64_1.0.200.202406132123/tools/bin/../lib/gcc/arm-none-eabi/12.3.1/thumb/v7e-m+dp/hard/crtbegin.o
 *(.init)
 .init          0x0800bf5c        0x4 /opt/st/stm32cubeide_1.16.0/plugins/com.st.stm32cube.ide.mcu.externaltools.gnu-tools-for-stm32.12.3.rel1.linux64_1.0.200.202406132123/tools/bin/../lib/gcc/arm-none-eabi/12.3.1/thumb/v7e-m+dp/hard/crti.o
                0x0800bf5c                _init
 .init          0x0800bf60        0x8 /opt/st/stm32cubeide_1.16.0/plugins/com.st.stm32cube.ide.mcu.externaltools.gnu-tools-for-stm32.12.3.rel1.linux64_1.0.200.202406132123/tools/bin/../lib/gcc/arm-none-eabi/12.3.1/thumb/v7e-m+dp/hard/crtn.o
 *(.fini)
 .fini          0x0800bf68        0x4 /opt/st/stm32cubeide_1.16.0/plugins/com.st.stm32cube.ide.mcu.externaltools.gnu-tools-for-stm32.12.3.rel1.linux64_1.0.200.202406132123/tools/bin/../lib/gcc/arm-none-eabi/12.3.1/thumb/v7e-m+dp/hard/crti.o
                0x0800bf68                _fini
 .fini          0x0800bf6c        0x8 /opt/st/stm32cubeide_1.16.0/plugins/com.st.stm32cube.ide.mcu.externaltools.gnu-tools-for-stm32.12.3.rel1.linux64_1.0.200.202406132123/tools/bin/../lib/gcc/arm-none-eabi/12.3.1/thumb/v7e-m+dp/hard/crtn.o
                0x0800bf74                        . = ALIGN (0x4)
                0x0800bf74                        _etext = .

.vfp11_veneer   0x0800bf74        0x0
 .vfp11_veneer  0x0800bf74        0x0 linker stubs

.v4_bx          0x0800bf74        0x0
 .v4_bx         0x0800bf74        0x0 linker stubs

.iplt           0x0800bf74        0x0
 .iplt          0x0800bf74        0x0 /opt/st/stm32cubeide_1.16.0/plugins/com.st.stm32cube.ide.mcu.externaltools.gnu-tools-for-stm32.12.3.rel1.linux64_1.0.200.202406132123/tools/bin/../lib/gcc/arm-none-eabi/12.3.1/thumb/v7e-m+dp/hard/crtbegin.o

.rodata         0x0800bf74       0x84
                0x0800bf74                        . = ALIGN (0x4)
 *(.rodata)
 .rodata        0x0800bf74       0x4c ./Drivers/STM32H7xx_HAL_Driver/Src/stm32h7xx_hal_fdcan.o
 *(.rodata*)
 .rodata.D1CorePrescTable
                0x0800bfc0       0x10 ./Core/Src/system_stm32h7xx.o
                0x0800bfc0                D1CorePrescTable
 .rodata.UARTPrescTable
                0x0800bfd0       0x18 ./Drivers/STM32H7xx_HAL_Driver/Src/stm32h7xx_hal_uart.o
                0x0800bfd0                UARTPrescTable
 .rodata.numerator.1
                0x0800bfe8        0x8 ./Drivers/STM32H7xx_HAL_Driver/Src/stm32h7xx_hal_uart_ex.o
 .rodata.denominator.0
                0x0800bff0        0x8 ./Drivers/STM32H7xx_HAL_Driver/Src/stm32h7xx_hal_uart_ex.o
                0x0800bff8                        . = ALIGN (0x4)

.ARM.extab
 *(.ARM.extab* .gnu.linkonce.armextab.*)

.ARM            0x0800bff8        0x8
                0x0800bff8                        __exidx_start = .
 *(.ARM.exidx*)
 .ARM.exidx     0x0800bff8        0x8 /opt/st/stm32cubeide_1.16.0/plugins/com.st.stm32cube.ide.mcu.externaltools.gnu-tools-for-stm32.12.3.rel1.linux64_1.0.200.202406132123/tools/bin/../lib/gcc/arm-none-eabi/12.3.1/thumb/v7e-m+dp/hard/libgcc.a(_udivmoddi4.o)
                0x0800c000                        __exidx_end = .

.preinit_array  0x0800c000        0x0
                0x0800c000                        PROVIDE (__preinit_array_start = .)
 *(.preinit_array*)
                0x0800c000                        PROVIDE (__preinit_array_end = .)

.init_array     0x0800c000        0x4
                0x0800c000                        PROVIDE (__init_array_start = .)
 *(SORT_BY_NAME(.init_array.*))
 *(.init_array*)
 .init_array    0x0800c000        0x4 /opt/st/stm32cubeide_1.16.0/plugins/com.st.stm32cube.ide.mcu.externaltools.gnu-tools-for-stm32.12.3.rel1.linux64_1.0.200.202406132123/tools/bin/../lib/gcc/arm-none-eabi/12.3.1/thumb/v7e-m+dp/hard/crtbegin.o
                0x0800c004                        PROVIDE (__init_array_end = .)

.fini_array     0x0800c004        0x4
                [!provide]                        PROVIDE (__fini_array_start = .)
 *(SORT_BY_NAME(.fini_array.*))
 *(.fini_array*)
 .fini_array    0x0800c004        0x4 /opt/st/stm32cubeide_1.16.0/plugins/com.st.stm32cube.ide.mcu.externaltools.gnu-tools-for-stm32.12.3.rel1.linux64_1.0.200.202406132123/tools/bin/../lib/gcc/arm-none-eabi/12.3.1/thumb/v7e-m+dp/hard/crtbegin.o
                [!provide]                        PROVIDE (__fini_array_end = .)
                0x0800c008                        _sidata = LOADADDR (.data)

.rel.dyn        0x0800c008        0x0
 .rel.iplt      0x0800c008        0x0 /opt/st/stm32cubeide_1.16.0/plugins/com.st.stm32cube.ide.mcu.externaltools.gnu-tools-for-stm32.12.3.rel1.linux64_1.0.200.202406132123/tools/bin/../lib/gcc/arm-none-eabi/12.3.1/thumb/v7e-m+dp/hard/crtbegin.o

.data           0x24000000       0x14 load address 0x0800c008
                0x24000000                        . = ALIGN (0x4)
                0x24000000                        _sdata = .
 *(.data)
 *(.data*)
 .data.SLAVE_ADDRESS_LCD
                0x24000000        0x4 ./Core/Src/main.o
                0x24000000                SLAVE_ADDRESS_LCD
 .data.SystemCoreClock
                0x24000004        0x4 ./Core/Src/system_stm32h7xx.o
                0x24000004                SystemCoreClock
 .data.SystemD2Clock
                0x24000008        0x4 ./Core/Src/system_stm32h7xx.o
                0x24000008                SystemD2Clock
 .data.uwTickPrio
                0x2400000c        0x4 ./Drivers/STM32H7xx_HAL_Driver/Src/stm32h7xx_hal.o
                0x2400000c                uwTickPrio
 .data.uwTickFreq
                0x24000010        0x1 ./Drivers/STM32H7xx_HAL_Driver/Src/stm32h7xx_hal.o
                0x24000010                uwTickFreq
 *(.RamFunc)
 *(.RamFunc*)
                0x24000014                        . = ALIGN (0x4)
 *fill*         0x24000011        0x3 
                0x24000014                        _edata = .

.igot.plt       0x24000014        0x0 load address 0x0800c01c
 .igot.plt      0x24000014        0x0 /opt/st/stm32cubeide_1.16.0/plugins/com.st.stm32cube.ide.mcu.externaltools.gnu-tools-for-stm32.12.3.rel1.linux64_1.0.200.202406132123/tools/bin/../lib/gcc/arm-none-eabi/12.3.1/thumb/v7e-m+dp/hard/crtbegin.o

.RxDecripSection
                0x24000014       0x60 load address 0x0800c01c
 .RxDecripSection
                0x24000014       0x60 ./Core/Src/main.o
                0x24000014                DMARxDscrTab

.TxDecripSection
                0x24000074       0x60 load address 0x0800c07c
 .TxDecripSection
                0x24000074       0x60 ./Core/Src/main.o
                0x24000074                DMATxDscrTab
                0x240000d4                        . = ALIGN (0x4)

.bss            0x240000d4      0xb88 load address 0x0800c0dc
                0x240000d4                        _sbss = .
                0x240000d4                        __bss_start__ = _sbss
 *(.bss)
 .bss           0x240000d4       0x1c /opt/st/stm32cubeide_1.16.0/plugins/com.st.stm32cube.ide.mcu.externaltools.gnu-tools-for-stm32.12.3.rel1.linux64_1.0.200.202406132123/tools/bin/../lib/gcc/arm-none-eabi/12.3.1/thumb/v7e-m+dp/hard/crtbegin.o
 *(.bss*)
 .bss.TxConfig  0x240000f0       0x38 ./Core/Src/main.o
                0x240000f0                TxConfig
 .bss.hadc1     0x24000128       0x64 ./Core/Src/main.o
                0x24000128                hadc1
 .bss.hadc2     0x2400018c       0x64 ./Core/Src/main.o
                0x2400018c                hadc2
 .bss.hadc3     0x240001f0       0x64 ./Core/Src/main.o
                0x240001f0                hadc3
 .bss.heth      0x24000254       0xb0 ./Core/Src/main.o
                0x24000254                heth
 .bss.hfdcan1   0x24000304       0xa0 ./Core/Src/main.o
                0x24000304                hfdcan1
 .bss.hfdcan2   0x240003a4       0xa0 ./Core/Src/main.o
                0x240003a4                hfdcan2
 .bss.hi2c4     0x24000444       0x54 ./Core/Src/main.o
                0x24000444                hi2c4
 .bss.hltdc     0x24000498       0xa8 ./Core/Src/main.o
                0x24000498                hltdc
 .bss.hrtc      0x24000540       0x24 ./Core/Src/main.o
                0x24000540                hrtc
 .bss.hsai_BlockA2
                0x24000564       0x98 ./Core/Src/main.o
                0x24000564                hsai_BlockA2
 .bss.hsai_BlockB2
                0x240005fc       0x98 ./Core/Src/main.o
                0x240005fc                hsai_BlockB2
 .bss.huart3    0x24000694       0x94 ./Core/Src/main.o
                0x24000694                huart3
 .bss.hpcd_USB_OTG_FS
                0x24000728      0x4e4 ./Core/Src/main.o
                0x24000728                hpcd_USB_OTG_FS
 .bss.hsdram1   0x24000c0c       0x34 ./Core/Src/main.o
                0x24000c0c                hsdram1
 .bss.MACAddr.0
                0x24000c40        0x6 ./Core/Src/main.o
 *fill*         0x24000c46        0x2 
 .bss.HAL_RCC_ADC12_CLK_ENABLED
                0x24000c48        0x4 ./Core/Src/stm32h7xx_hal_msp.o
 .bss.HAL_RCC_FDCAN_CLK_ENABLED
                0x24000c4c        0x4 ./Core/Src/stm32h7xx_hal_msp.o
 .bss.FMC_Initialized
                0x24000c50        0x4 ./Core/Src/stm32h7xx_hal_msp.o
 .bss.SAI2_client
                0x24000c54        0x4 ./Core/Src/stm32h7xx_hal_msp.o
 .bss.uwTick    0x24000c58        0x4 ./Drivers/STM32H7xx_HAL_Driver/Src/stm32h7xx_hal.o
                0x24000c58                uwTick
 *(COMMON)
                0x24000c5c                        . = ALIGN (0x4)
                0x24000c5c                        _ebss = .
                0x24000c5c                        __bss_end__ = _ebss

._user_heap_stack
                0x24000c5c      0x604 load address 0x0800c0dc
                0x24000c60                        . = ALIGN (0x8)
 *fill*         0x24000c5c        0x4 
                [!provide]                        PROVIDE (end = .)
                0x24000c60                        PROVIDE (_end = .)
                0x24000e60                        . = (. + _Min_Heap_Size)
 *fill*         0x24000c60      0x200 
                0x24001260                        . = (. + _Min_Stack_Size)
 *fill*         0x24000e60      0x400 
                0x24001260                        . = ALIGN (0x8)

/DISCARD/
 libc.a(*)
 libm.a(*)
 libgcc.a(*)

.ARM.attributes
                0x00000000       0x2e
 *(.ARM.attributes)
 .ARM.attributes
                0x00000000       0x20 /opt/st/stm32cubeide_1.16.0/plugins/com.st.stm32cube.ide.mcu.externaltools.gnu-tools-for-stm32.12.3.rel1.linux64_1.0.200.202406132123/tools/bin/../lib/gcc/arm-none-eabi/12.3.1/thumb/v7e-m+dp/hard/crti.o
 .ARM.attributes
                0x00000020       0x32 /opt/st/stm32cubeide_1.16.0/plugins/com.st.stm32cube.ide.mcu.externaltools.gnu-tools-for-stm32.12.3.rel1.linux64_1.0.200.202406132123/tools/bin/../lib/gcc/arm-none-eabi/12.3.1/thumb/v7e-m+dp/hard/crtbegin.o
 .ARM.attributes
                0x00000052       0x32 ./Core/Src/main.o
 .ARM.attributes
                0x00000084       0x32 ./Core/Src/stm32h7xx_hal_msp.o
 .ARM.attributes
                0x000000b6       0x32 ./Core/Src/stm32h7xx_it.o
 .ARM.attributes
                0x000000e8       0x32 ./Core/Src/system_stm32h7xx.o
 .ARM.attributes
                0x0000011a       0x21 ./Core/Startup/startup_stm32h750xbhx.o
 .ARM.attributes
                0x0000013b       0x32 ./Drivers/STM32H7xx_HAL_Driver/Src/stm32h7xx_hal.o
 .ARM.attributes
                0x0000016d       0x32 ./Drivers/STM32H7xx_HAL_Driver/Src/stm32h7xx_hal_adc.o
 .ARM.attributes
                0x0000019f       0x32 ./Drivers/STM32H7xx_HAL_Driver/Src/stm32h7xx_hal_adc_ex.o
 .ARM.attributes
                0x000001d1       0x32 ./Drivers/STM32H7xx_HAL_Driver/Src/stm32h7xx_hal_cortex.o
 .ARM.attributes
                0x00000203       0x32 ./Drivers/STM32H7xx_HAL_Driver/Src/stm32h7xx_hal_eth.o
 .ARM.attributes
                0x00000235       0x32 ./Drivers/STM32H7xx_HAL_Driver/Src/stm32h7xx_hal_fdcan.o
 .ARM.attributes
                0x00000267       0x32 ./Drivers/STM32H7xx_HAL_Driver/Src/stm32h7xx_hal_gpio.o
 .ARM.attributes
                0x00000299       0x32 ./Drivers/STM32H7xx_HAL_Driver/Src/stm32h7xx_hal_i2c.o
 .ARM.attributes
                0x000002cb       0x32 ./Drivers/STM32H7xx_HAL_Driver/Src/stm32h7xx_hal_i2c_ex.o
 .ARM.attributes
                0x000002fd       0x32 ./Drivers/STM32H7xx_HAL_Driver/Src/stm32h7xx_hal_ltdc.o
 .ARM.attributes
                0x0000032f       0x32 ./Drivers/STM32H7xx_HAL_Driver/Src/stm32h7xx_hal_pcd.o
 .ARM.attributes
                0x00000361       0x32 ./Drivers/STM32H7xx_HAL_Driver/Src/stm32h7xx_hal_pcd_ex.o
 .ARM.attributes
                0x00000393       0x32 ./Drivers/STM32H7xx_HAL_Driver/Src/stm32h7xx_hal_pwr_ex.o
 .ARM.attributes
                0x000003c5       0x32 ./Drivers/STM32H7xx_HAL_Driver/Src/stm32h7xx_hal_rcc.o
 .ARM.attributes
                0x000003f7       0x32 ./Drivers/STM32H7xx_HAL_Driver/Src/stm32h7xx_hal_rcc_ex.o
 .ARM.attributes
                0x00000429       0x32 ./Drivers/STM32H7xx_HAL_Driver/Src/stm32h7xx_hal_rtc.o
 .ARM.attributes
                0x0000045b       0x32 ./Drivers/STM32H7xx_HAL_Driver/Src/stm32h7xx_hal_sai.o
 .ARM.attributes
                0x0000048d       0x32 ./Drivers/STM32H7xx_HAL_Driver/Src/stm32h7xx_hal_sdram.o
 .ARM.attributes
                0x000004bf       0x32 ./Drivers/STM32H7xx_HAL_Driver/Src/stm32h7xx_hal_uart.o
 .ARM.attributes
                0x000004f1       0x32 ./Drivers/STM32H7xx_HAL_Driver/Src/stm32h7xx_hal_uart_ex.o
 .ARM.attributes
                0x00000523       0x32 ./Drivers/STM32H7xx_HAL_Driver/Src/stm32h7xx_ll_fmc.o
 .ARM.attributes
                0x00000555       0x32 ./Drivers/STM32H7xx_HAL_Driver/Src/stm32h7xx_ll_usb.o
 .ARM.attributes
                0x00000587       0x32 /opt/st/stm32cubeide_1.16.0/plugins/com.st.stm32cube.ide.mcu.externaltools.gnu-tools-for-stm32.12.3.rel1.linux64_1.0.200.202406132123/tools/bin/../lib/gcc/arm-none-eabi/12.3.1/../../../../arm-none-eabi/lib/thumb/v7e-m+dp/hard/libc_nano.a(libc_a-memset.o)
 .ARM.attributes
                0x000005b9       0x32 /opt/st/stm32cubeide_1.16.0/plugins/com.st.stm32cube.ide.mcu.externaltools.gnu-tools-for-stm32.12.3.rel1.linux64_1.0.200.202406132123/tools/bin/../lib/gcc/arm-none-eabi/12.3.1/../../../../arm-none-eabi/lib/thumb/v7e-m+dp/hard/libc_nano.a(libc_a-init.o)
 .ARM.attributes
                0x000005eb       0x32 /opt/st/stm32cubeide_1.16.0/plugins/com.st.stm32cube.ide.mcu.externaltools.gnu-tools-for-stm32.12.3.rel1.linux64_1.0.200.202406132123/tools/bin/../lib/gcc/arm-none-eabi/12.3.1/../../../../arm-none-eabi/lib/thumb/v7e-m+dp/hard/libc_nano.a(libc_a-memcpy-stub.o)
 .ARM.attributes
                0x0000061d       0x20 /opt/st/stm32cubeide_1.16.0/plugins/com.st.stm32cube.ide.mcu.externaltools.gnu-tools-for-stm32.12.3.rel1.linux64_1.0.200.202406132123/tools/bin/../lib/gcc/arm-none-eabi/12.3.1/thumb/v7e-m+dp/hard/libgcc.a(_aeabi_uldivmod.o)
 .ARM.attributes
                0x0000063d       0x32 /opt/st/stm32cubeide_1.16.0/plugins/com.st.stm32cube.ide.mcu.externaltools.gnu-tools-for-stm32.12.3.rel1.linux64_1.0.200.202406132123/tools/bin/../lib/gcc/arm-none-eabi/12.3.1/thumb/v7e-m+dp/hard/libgcc.a(_udivmoddi4.o)
 .ARM.attributes
                0x0000066f       0x20 /opt/st/stm32cubeide_1.16.0/plugins/com.st.stm32cube.ide.mcu.externaltools.gnu-tools-for-stm32.12.3.rel1.linux64_1.0.200.202406132123/tools/bin/../lib/gcc/arm-none-eabi/12.3.1/thumb/v7e-m+dp/hard/libgcc.a(_dvmd_tls.o)
 .ARM.attributes
                0x0000068f       0x20 /opt/st/stm32cubeide_1.16.0/plugins/com.st.stm32cube.ide.mcu.externaltools.gnu-tools-for-stm32.12.3.rel1.linux64_1.0.200.202406132123/tools/bin/../lib/gcc/arm-none-eabi/12.3.1/thumb/v7e-m+dp/hard/crtn.o
OUTPUT(STM32H750B-DK_I2C_LCD_KEYPAD.elf elf32-littlearm)
LOAD linker stubs
LOAD /opt/st/stm32cubeide_1.16.0/plugins/com.st.stm32cube.ide.mcu.externaltools.gnu-tools-for-stm32.12.3.rel1.linux64_1.0.200.202406132123/tools/bin/../lib/gcc/arm-none-eabi/12.3.1/../../../../arm-none-eabi/lib/thumb/v7e-m+dp/hard/libc.a
LOAD /opt/st/stm32cubeide_1.16.0/plugins/com.st.stm32cube.ide.mcu.externaltools.gnu-tools-for-stm32.12.3.rel1.linux64_1.0.200.202406132123/tools/bin/../lib/gcc/arm-none-eabi/12.3.1/../../../../arm-none-eabi/lib/thumb/v7e-m+dp/hard/libm.a
LOAD /opt/st/stm32cubeide_1.16.0/plugins/com.st.stm32cube.ide.mcu.externaltools.gnu-tools-for-stm32.12.3.rel1.linux64_1.0.200.202406132123/tools/bin/../lib/gcc/arm-none-eabi/12.3.1/thumb/v7e-m+dp/hard/libgcc.a

.debug_info     0x00000000    0x2b196
 .debug_info    0x00000000     0x508b ./Core/Src/main.o
 .debug_info    0x0000508b     0x49e6 ./Core/Src/stm32h7xx_hal_msp.o
 .debug_info    0x00009a71      0x128 ./Core/Src/stm32h7xx_it.o
 .debug_info    0x00009b99      0xcef ./Core/Src/system_stm32h7xx.o
 .debug_info    0x0000a888       0x30 ./Core/Startup/startup_stm32h750xbhx.o
 .debug_info    0x0000a8b8     0x1541 ./Drivers/STM32H7xx_HAL_Driver/Src/stm32h7xx_hal.o
 .debug_info    0x0000bdf9     0x1ed3 ./Drivers/STM32H7xx_HAL_Driver/Src/stm32h7xx_hal_adc.o
 .debug_info    0x0000dccc     0x1fee ./Drivers/STM32H7xx_HAL_Driver/Src/stm32h7xx_hal_adc_ex.o
 .debug_info    0x0000fcba     0x10b2 ./Drivers/STM32H7xx_HAL_Driver/Src/stm32h7xx_hal_cortex.o
 .debug_info    0x00010d6c     0x2a30 ./Drivers/STM32H7xx_HAL_Driver/Src/stm32h7xx_hal_eth.o
 .debug_info    0x0001379c     0x2baf ./Drivers/STM32H7xx_HAL_Driver/Src/stm32h7xx_hal_fdcan.o
 .debug_info    0x0001634b      0xc4b ./Drivers/STM32H7xx_HAL_Driver/Src/stm32h7xx_hal_gpio.o
 .debug_info    0x00016f96     0x22a1 ./Drivers/STM32H7xx_HAL_Driver/Src/stm32h7xx_hal_i2c.o
 .debug_info    0x00019237      0xd84 ./Drivers/STM32H7xx_HAL_Driver/Src/stm32h7xx_hal_i2c_ex.o
 .debug_info    0x00019fbb     0x1038 ./Drivers/STM32H7xx_HAL_Driver/Src/stm32h7xx_hal_ltdc.o
 .debug_info    0x0001aff3     0x1561 ./Drivers/STM32H7xx_HAL_Driver/Src/stm32h7xx_hal_pcd.o
 .debug_info    0x0001c554      0x8b3 ./Drivers/STM32H7xx_HAL_Driver/Src/stm32h7xx_hal_pcd_ex.o
 .debug_info    0x0001ce07     0x1008 ./Drivers/STM32H7xx_HAL_Driver/Src/stm32h7xx_hal_pwr_ex.o
 .debug_info    0x0001de0f      0xe5b ./Drivers/STM32H7xx_HAL_Driver/Src/stm32h7xx_hal_rcc.o
 .debug_info    0x0001ec6a     0x1216 ./Drivers/STM32H7xx_HAL_Driver/Src/stm32h7xx_hal_rcc_ex.o
 .debug_info    0x0001fe80      0xe4d ./Drivers/STM32H7xx_HAL_Driver/Src/stm32h7xx_hal_rtc.o
 .debug_info    0x00020ccd     0x13cd ./Drivers/STM32H7xx_HAL_Driver/Src/stm32h7xx_hal_sai.o
 .debug_info    0x0002209a     0x1059 ./Drivers/STM32H7xx_HAL_Driver/Src/stm32h7xx_hal_sdram.o
 .debug_info    0x000230f3     0x4b13 ./Drivers/STM32H7xx_HAL_Driver/Src/stm32h7xx_hal_uart.o
 .debug_info    0x00027c06      0xfbf ./Drivers/STM32H7xx_HAL_Driver/Src/stm32h7xx_hal_uart_ex.o
 .debug_info    0x00028bc5      0xbb3 ./Drivers/STM32H7xx_HAL_Driver/Src/stm32h7xx_ll_fmc.o
 .debug_info    0x00029778     0x1a1e ./Drivers/STM32H7xx_HAL_Driver/Src/stm32h7xx_ll_usb.o

.debug_abbrev   0x00000000     0x4059
 .debug_abbrev  0x00000000      0x35b ./Core/Src/main.o
 .debug_abbrev  0x0000035b      0x2eb ./Core/Src/stm32h7xx_hal_msp.o
 .debug_abbrev  0x00000646       0x73 ./Core/Src/stm32h7xx_it.o
 .debug_abbrev  0x000006b9      0x14c ./Core/Src/system_stm32h7xx.o
 .debug_abbrev  0x00000805       0x24 ./Core/Startup/startup_stm32h750xbhx.o
 .debug_abbrev  0x00000829      0x295 ./Drivers/STM32H7xx_HAL_Driver/Src/stm32h7xx_hal.o
 .debug_abbrev  0x00000abe      0x2d3 ./Drivers/STM32H7xx_HAL_Driver/Src/stm32h7xx_hal_adc.o
 .debug_abbrev  0x00000d91      0x31b ./Drivers/STM32H7xx_HAL_Driver/Src/stm32h7xx_hal_adc_ex.o
 .debug_abbrev  0x000010ac      0x339 ./Drivers/STM32H7xx_HAL_Driver/Src/stm32h7xx_hal_cortex.o
 .debug_abbrev  0x000013e5      0x347 ./Drivers/STM32H7xx_HAL_Driver/Src/stm32h7xx_hal_eth.o
 .debug_abbrev  0x0000172c      0x288 ./Drivers/STM32H7xx_HAL_Driver/Src/stm32h7xx_hal_fdcan.o
 .debug_abbrev  0x000019b4      0x1fe ./Drivers/STM32H7xx_HAL_Driver/Src/stm32h7xx_hal_gpio.o
 .debug_abbrev  0x00001bb2      0x25d ./Drivers/STM32H7xx_HAL_Driver/Src/stm32h7xx_hal_i2c.o
 .debug_abbrev  0x00001e0f      0x1f5 ./Drivers/STM32H7xx_HAL_Driver/Src/stm32h7xx_hal_i2c_ex.o
 .debug_abbrev  0x00002004      0x233 ./Drivers/STM32H7xx_HAL_Driver/Src/stm32h7xx_hal_ltdc.o
 .debug_abbrev  0x00002237      0x2dc ./Drivers/STM32H7xx_HAL_Driver/Src/stm32h7xx_hal_pcd.o
 .debug_abbrev  0x00002513      0x256 ./Drivers/STM32H7xx_HAL_Driver/Src/stm32h7xx_hal_pcd_ex.o
 .debug_abbrev  0x00002769      0x2a7 ./Drivers/STM32H7xx_HAL_Driver/Src/stm32h7xx_hal_pwr_ex.o
 .debug_abbrev  0x00002a10      0x2c8 ./Drivers/STM32H7xx_HAL_Driver/Src/stm32h7xx_hal_rcc.o
 .debug_abbrev  0x00002cd8      0x269 ./Drivers/STM32H7xx_HAL_Driver/Src/stm32h7xx_hal_rcc_ex.o
 .debug_abbrev  0x00002f41      0x1fd ./Drivers/STM32H7xx_HAL_Driver/Src/stm32h7xx_hal_rtc.o
 .debug_abbrev  0x0000313e      0x28b ./Drivers/STM32H7xx_HAL_Driver/Src/stm32h7xx_hal_sai.o
 .debug_abbrev  0x000033c9      0x222 ./Drivers/STM32H7xx_HAL_Driver/Src/stm32h7xx_hal_sdram.o
 .debug_abbrev  0x000035eb      0x33d ./Drivers/STM32H7xx_HAL_Driver/Src/stm32h7xx_hal_uart.o
 .debug_abbrev  0x00003928      0x2d2 ./Drivers/STM32H7xx_HAL_Driver/Src/stm32h7xx_hal_uart_ex.o
 .debug_abbrev  0x00003bfa      0x1ac ./Drivers/STM32H7xx_HAL_Driver/Src/stm32h7xx_ll_fmc.o
 .debug_abbrev  0x00003da6      0x2b3 ./Drivers/STM32H7xx_HAL_Driver/Src/stm32h7xx_ll_usb.o

.debug_aranges  0x00000000     0x1fb8
 .debug_aranges
                0x00000000       0xd8 ./Core/Src/main.o
 .debug_aranges
                0x000000d8       0xd0 ./Core/Src/stm32h7xx_hal_msp.o
 .debug_aranges
                0x000001a8       0x60 ./Core/Src/stm32h7xx_it.o
 .debug_aranges
                0x00000208       0x28 ./Core/Src/system_stm32h7xx.o
 .debug_aranges
                0x00000230       0x28 ./Core/Startup/startup_stm32h750xbhx.o
 .debug_aranges
                0x00000258      0x198 ./Drivers/STM32H7xx_HAL_Driver/Src/stm32h7xx_hal.o
 .debug_aranges
                0x000003f0      0x228 ./Drivers/STM32H7xx_HAL_Driver/Src/stm32h7xx_hal_adc.o
 .debug_aranges
                0x00000618      0x1d8 ./Drivers/STM32H7xx_HAL_Driver/Src/stm32h7xx_hal_adc_ex.o
 .debug_aranges
                0x000007f0      0x130 ./Drivers/STM32H7xx_HAL_Driver/Src/stm32h7xx_hal_cortex.o
 .debug_aranges
                0x00000920      0x1d8 ./Drivers/STM32H7xx_HAL_Driver/Src/stm32h7xx_hal_eth.o
 .debug_aranges
                0x00000af8      0x338 ./Drivers/STM32H7xx_HAL_Driver/Src/stm32h7xx_hal_fdcan.o
 .debug_aranges
                0x00000e30       0x58 ./Drivers/STM32H7xx_HAL_Driver/Src/stm32h7xx_hal_gpio.o
 .debug_aranges
                0x00000e88      0x2a0 ./Drivers/STM32H7xx_HAL_Driver/Src/stm32h7xx_hal_i2c.o
 .debug_aranges
                0x00001128       0x48 ./Drivers/STM32H7xx_HAL_Driver/Src/stm32h7xx_hal_i2c_ex.o
 .debug_aranges
                0x00001170      0x158 ./Drivers/STM32H7xx_HAL_Driver/Src/stm32h7xx_hal_ltdc.o
 .debug_aranges
                0x000012c8      0x140 ./Drivers/STM32H7xx_HAL_Driver/Src/stm32h7xx_hal_pcd.o
 .debug_aranges
                0x00001408       0x60 ./Drivers/STM32H7xx_HAL_Driver/Src/stm32h7xx_hal_pcd_ex.o
 .debug_aranges
                0x00001468      0x158 ./Drivers/STM32H7xx_HAL_Driver/Src/stm32h7xx_hal_pwr_ex.o
 .debug_aranges
                0x000015c0       0x88 ./Drivers/STM32H7xx_HAL_Driver/Src/stm32h7xx_hal_rcc.o
 .debug_aranges
                0x00001648       0xf8 ./Drivers/STM32H7xx_HAL_Driver/Src/stm32h7xx_hal_rcc_ex.o
 .debug_aranges
                0x00001740       0xc0 ./Drivers/STM32H7xx_HAL_Driver/Src/stm32h7xx_hal_rtc.o
 .debug_aranges
                0x00001800      0x178 ./Drivers/STM32H7xx_HAL_Driver/Src/stm32h7xx_hal_sai.o
 .debug_aranges
                0x00001978       0xe8 ./Drivers/STM32H7xx_HAL_Driver/Src/stm32h7xx_hal_sdram.o
 .debug_aranges
                0x00001a60      0x248 ./Drivers/STM32H7xx_HAL_Driver/Src/stm32h7xx_hal_uart.o
 .debug_aranges
                0x00001ca8       0xa8 ./Drivers/STM32H7xx_HAL_Driver/Src/stm32h7xx_hal_uart_ex.o
 .debug_aranges
                0x00001d50       0xc8 ./Drivers/STM32H7xx_HAL_Driver/Src/stm32h7xx_ll_fmc.o
 .debug_aranges
                0x00001e18      0x1a0 ./Drivers/STM32H7xx_HAL_Driver/Src/stm32h7xx_ll_usb.o

.debug_rnglists
                0x00000000     0x18ce
 .debug_rnglists
                0x00000000       0xab ./Core/Src/main.o
 .debug_rnglists
                0x000000ab       0xa4 ./Core/Src/stm32h7xx_hal_msp.o
 .debug_rnglists
                0x0000014f       0x43 ./Core/Src/stm32h7xx_it.o
 .debug_rnglists
                0x00000192       0x1b ./Core/Src/system_stm32h7xx.o
 .debug_rnglists
                0x000001ad       0x19 ./Core/Startup/startup_stm32h750xbhx.o
 .debug_rnglists
                0x000001c6      0x131 ./Drivers/STM32H7xx_HAL_Driver/Src/stm32h7xx_hal.o
 .debug_rnglists
                0x000002f7      0x1a9 ./Drivers/STM32H7xx_HAL_Driver/Src/stm32h7xx_hal_adc.o
 .debug_rnglists
                0x000004a0      0x16f ./Drivers/STM32H7xx_HAL_Driver/Src/stm32h7xx_hal_adc_ex.o
 .debug_rnglists
                0x0000060f       0xe0 ./Drivers/STM32H7xx_HAL_Driver/Src/stm32h7xx_hal_cortex.o
 .debug_rnglists
                0x000006ef      0x176 ./Drivers/STM32H7xx_HAL_Driver/Src/stm32h7xx_hal_eth.o
 .debug_rnglists
                0x00000865      0x28b ./Drivers/STM32H7xx_HAL_Driver/Src/stm32h7xx_hal_fdcan.o
 .debug_rnglists
                0x00000af0       0x3f ./Drivers/STM32H7xx_HAL_Driver/Src/stm32h7xx_hal_gpio.o
 .debug_rnglists
                0x00000b2f      0x22a ./Drivers/STM32H7xx_HAL_Driver/Src/stm32h7xx_hal_i2c.o
 .debug_rnglists
                0x00000d59       0x35 ./Drivers/STM32H7xx_HAL_Driver/Src/stm32h7xx_hal_i2c_ex.o
 .debug_rnglists
                0x00000d8e      0x10a ./Drivers/STM32H7xx_HAL_Driver/Src/stm32h7xx_hal_ltdc.o
 .debug_rnglists
                0x00000e98       0xf4 ./Drivers/STM32H7xx_HAL_Driver/Src/stm32h7xx_hal_pcd.o
 .debug_rnglists
                0x00000f8c       0x45 ./Drivers/STM32H7xx_HAL_Driver/Src/stm32h7xx_hal_pcd_ex.o
 .debug_rnglists
                0x00000fd1      0x103 ./Drivers/STM32H7xx_HAL_Driver/Src/stm32h7xx_hal_pwr_ex.o
 .debug_rnglists
                0x000010d4       0x68 ./Drivers/STM32H7xx_HAL_Driver/Src/stm32h7xx_hal_rcc.o
 .debug_rnglists
                0x0000113c       0xc0 ./Drivers/STM32H7xx_HAL_Driver/Src/stm32h7xx_hal_rcc_ex.o
 .debug_rnglists
                0x000011fc       0x96 ./Drivers/STM32H7xx_HAL_Driver/Src/stm32h7xx_hal_rtc.o
 .debug_rnglists
                0x00001292      0x136 ./Drivers/STM32H7xx_HAL_Driver/Src/stm32h7xx_hal_sai.o
 .debug_rnglists
                0x000013c8       0xb1 ./Drivers/STM32H7xx_HAL_Driver/Src/stm32h7xx_hal_sdram.o
 .debug_rnglists
                0x00001479      0x1fa ./Drivers/STM32H7xx_HAL_Driver/Src/stm32h7xx_hal_uart.o
 .debug_rnglists
                0x00001673       0x7f ./Drivers/STM32H7xx_HAL_Driver/Src/stm32h7xx_hal_uart_ex.o
 .debug_rnglists
                0x000016f2       0x95 ./Drivers/STM32H7xx_HAL_Driver/Src/stm32h7xx_ll_fmc.o
 .debug_rnglists
                0x00001787      0x147 ./Drivers/STM32H7xx_HAL_Driver/Src/stm32h7xx_ll_usb.o

.debug_macro    0x00000000    0x3e77f
 .debug_macro   0x00000000      0x39f ./Core/Src/main.o
 .debug_macro   0x0000039f      0xacc ./Core/Src/main.o
 .debug_macro   0x00000e6b      0x262 ./Core/Src/main.o
 .debug_macro   0x000010cd       0x2e ./Core/Src/main.o
 .debug_macro   0x000010fb       0x3b ./Core/Src/main.o
 .debug_macro   0x00001136       0x22 ./Core/Src/main.o
 .debug_macro   0x00001158       0x8e ./Core/Src/main.o
 .debug_macro   0x000011e6       0x51 ./Core/Src/main.o
 .debug_macro   0x00001237      0x103 ./Core/Src/main.o
 .debug_macro   0x0000133a       0x6a ./Core/Src/main.o
 .debug_macro   0x000013a4      0x1df ./Core/Src/main.o
 .debug_macro   0x00001583       0x1c ./Core/Src/main.o
 .debug_macro   0x0000159f       0x22 ./Core/Src/main.o
 .debug_macro   0x000015c1       0xfb ./Core/Src/main.o
 .debug_macro   0x000016bc     0x1305 ./Core/Src/main.o
 .debug_macro   0x000029c1      0x11f ./Core/Src/main.o
 .debug_macro   0x00002ae0       0x27 ./Core/Src/main.o
 .debug_macro   0x00002b07    0x25eee ./Core/Src/main.o
 .debug_macro   0x000289f5       0x6d ./Core/Src/main.o
 .debug_macro   0x00028a62     0x3d79 ./Core/Src/main.o
 .debug_macro   0x0002c7db      0x189 ./Core/Src/main.o
 .debug_macro   0x0002c964       0x61 ./Core/Src/main.o
 .debug_macro   0x0002c9c5       0x29 ./Core/Src/main.o
 .debug_macro   0x0002c9ee       0x43 ./Core/Src/main.o
 .debug_macro   0x0002ca31       0x34 ./Core/Src/main.o
 .debug_macro   0x0002ca65       0x16 ./Core/Src/main.o
 .debug_macro   0x0002ca7b       0x43 ./Core/Src/main.o
 .debug_macro   0x0002cabe       0x34 ./Core/Src/main.o
 .debug_macro   0x0002caf2       0x10 ./Core/Src/main.o
 .debug_macro   0x0002cb02       0x58 ./Core/Src/main.o
 .debug_macro   0x0002cb5a       0x8e ./Core/Src/main.o
 .debug_macro   0x0002cbe8       0x1c ./Core/Src/main.o
 .debug_macro   0x0002cc04      0x177 ./Core/Src/main.o
 .debug_macro   0x0002cd7b      0x369 ./Core/Src/main.o
 .debug_macro   0x0002d0e4      0x19b ./Core/Src/main.o
 .debug_macro   0x0002d27f       0x5d ./Core/Src/main.o
 .debug_macro   0x0002d2dc     0x240e ./Core/Src/main.o
 .debug_macro   0x0002f6ea     0x102c ./Core/Src/main.o
 .debug_macro   0x00030716      0x154 ./Core/Src/main.o
 .debug_macro   0x0003086a      0x114 ./Core/Src/main.o
 .debug_macro   0x0003097e      0x3b6 ./Core/Src/main.o
 .debug_macro   0x00030d34       0xac ./Core/Src/main.o
 .debug_macro   0x00030de0      0x72d ./Core/Src/main.o
 .debug_macro   0x0003150d      0x228 ./Core/Src/main.o
 .debug_macro   0x00031735       0x66 ./Core/Src/main.o
 .debug_macro   0x0003179b      0x3bb ./Core/Src/main.o
 .debug_macro   0x00031b56      0xa80 ./Core/Src/main.o
 .debug_macro   0x000325d6      0x129 ./Core/Src/main.o
 .debug_macro   0x000326ff      0x3e4 ./Core/Src/main.o
 .debug_macro   0x00032ae3      0x275 ./Core/Src/main.o
 .debug_macro   0x00032d58     0x1044 ./Core/Src/main.o
 .debug_macro   0x00033d9c      0x6cc ./Core/Src/main.o
 .debug_macro   0x00034468      0x36e ./Core/Src/main.o
 .debug_macro   0x000347d6      0xe42 ./Core/Src/main.o
 .debug_macro   0x00035618      0x3ca ./Core/Src/main.o
 .debug_macro   0x000359e2      0x3de ./Core/Src/main.o
 .debug_macro   0x00035dc0       0x3c ./Core/Src/main.o
 .debug_macro   0x00035dfc       0x4a ./Core/Src/main.o
 .debug_macro   0x00035e46      0x22c ./Core/Src/main.o
 .debug_macro   0x00036072       0x67 ./Core/Src/main.o
 .debug_macro   0x000360d9       0xa5 ./Core/Src/main.o
 .debug_macro   0x0003617e      0x198 ./Core/Src/main.o
 .debug_macro   0x00036316       0xd6 ./Core/Src/main.o
 .debug_macro   0x000363ec      0x1c4 ./Core/Src/main.o
 .debug_macro   0x000365b0      0x25e ./Core/Src/main.o
 .debug_macro   0x0003680e       0x35 ./Core/Src/main.o
 .debug_macro   0x00036843      0x328 ./Core/Src/main.o
 .debug_macro   0x00036b6b      0x65b ./Core/Src/main.o
 .debug_macro   0x000371c6       0xeb ./Core/Src/main.o
 .debug_macro   0x000372b1      0x3bb ./Core/Src/main.o
 .debug_macro   0x0003766c       0x10 ./Core/Src/main.o
 .debug_macro   0x0003767c       0xe4 ./Core/Src/main.o
 .debug_macro   0x00037760      0x512 ./Core/Src/main.o
 .debug_macro   0x00037c72      0x693 ./Core/Src/main.o
 .debug_macro   0x00038305       0xa6 ./Core/Src/main.o
 .debug_macro   0x000383ab      0x293 ./Core/Src/main.o
 .debug_macro   0x0003863e       0x90 ./Core/Src/main.o
 .debug_macro   0x000386ce      0x5a0 ./Core/Src/main.o
 .debug_macro   0x00038c6e      0x28a ./Core/Src/main.o
 .debug_macro   0x00038ef8       0x16 ./Core/Src/main.o
 .debug_macro   0x00038f0e       0x35 ./Core/Src/main.o
 .debug_macro   0x00038f43       0x20 ./Core/Src/main.o
 .debug_macro   0x00038f63      0x36f ./Core/Src/stm32h7xx_hal_msp.o
 .debug_macro   0x000392d2      0x379 ./Core/Src/stm32h7xx_it.o
 .debug_macro   0x0003964b      0x360 ./Core/Src/system_stm32h7xx.o
 .debug_macro   0x000399ab      0x38a ./Drivers/STM32H7xx_HAL_Driver/Src/stm32h7xx_hal.o
 .debug_macro   0x00039d35      0x384 ./Drivers/STM32H7xx_HAL_Driver/Src/stm32h7xx_hal_adc.o
 .debug_macro   0x0003a0b9      0x36c ./Drivers/STM32H7xx_HAL_Driver/Src/stm32h7xx_hal_adc_ex.o
 .debug_macro   0x0003a425      0x360 ./Drivers/STM32H7xx_HAL_Driver/Src/stm32h7xx_hal_cortex.o
 .debug_macro   0x0003a785      0x3f4 ./Drivers/STM32H7xx_HAL_Driver/Src/stm32h7xx_hal_eth.o
 .debug_macro   0x0003ab79      0x425 ./Drivers/STM32H7xx_HAL_Driver/Src/stm32h7xx_hal_fdcan.o
 .debug_macro   0x0003af9e      0x367 ./Drivers/STM32H7xx_HAL_Driver/Src/stm32h7xx_hal_gpio.o
 .debug_macro   0x0003b305      0x42c ./Drivers/STM32H7xx_HAL_Driver/Src/stm32h7xx_hal_i2c.o
 .debug_macro   0x0003b731      0x360 ./Drivers/STM32H7xx_HAL_Driver/Src/stm32h7xx_hal_i2c_ex.o
 .debug_macro   0x0003ba91      0x368 ./Drivers/STM32H7xx_HAL_Driver/Src/stm32h7xx_hal_ltdc.o
 .debug_macro   0x0003bdf9      0x36c ./Drivers/STM32H7xx_HAL_Driver/Src/stm32h7xx_hal_pcd.o
 .debug_macro   0x0003c165      0x360 ./Drivers/STM32H7xx_HAL_Driver/Src/stm32h7xx_hal_pcd_ex.o
 .debug_macro   0x0003c4c5      0x399 ./Drivers/STM32H7xx_HAL_Driver/Src/stm32h7xx_hal_pwr_ex.o
 .debug_macro   0x0003c85e      0x384 ./Drivers/STM32H7xx_HAL_Driver/Src/stm32h7xx_hal_rcc.o
 .debug_macro   0x0003cbe2      0x37e ./Drivers/STM32H7xx_HAL_Driver/Src/stm32h7xx_hal_rcc_ex.o
 .debug_macro   0x0003cf60      0x361 ./Drivers/STM32H7xx_HAL_Driver/Src/stm32h7xx_hal_rtc.o
 .debug_macro   0x0003d2c1      0x37d ./Drivers/STM32H7xx_HAL_Driver/Src/stm32h7xx_hal_sai.o
 .debug_macro   0x0003d63e      0x360 ./Drivers/STM32H7xx_HAL_Driver/Src/stm32h7xx_hal_sdram.o
 .debug_macro   0x0003d99e      0x38b ./Drivers/STM32H7xx_HAL_Driver/Src/stm32h7xx_hal_uart.o
 .debug_macro   0x0003dd29      0x36c ./Drivers/STM32H7xx_HAL_Driver/Src/stm32h7xx_hal_uart_ex.o
 .debug_macro   0x0003e095      0x38a ./Drivers/STM32H7xx_HAL_Driver/Src/stm32h7xx_ll_fmc.o
 .debug_macro   0x0003e41f      0x360 ./Drivers/STM32H7xx_HAL_Driver/Src/stm32h7xx_ll_usb.o

.debug_line     0x00000000    0x27dd4
 .debug_line    0x00000000     0x13c4 ./Core/Src/main.o
 .debug_line    0x000013c4      0xfa4 ./Core/Src/stm32h7xx_hal_msp.o
 .debug_line    0x00002368      0xa47 ./Core/Src/stm32h7xx_it.o
 .debug_line    0x00002daf      0xb40 ./Core/Src/system_stm32h7xx.o
 .debug_line    0x000038ef       0x7a ./Core/Startup/startup_stm32h750xbhx.o
 .debug_line    0x00003969      0xf35 ./Drivers/STM32H7xx_HAL_Driver/Src/stm32h7xx_hal.o
 .debug_line    0x0000489e     0x2484 ./Drivers/STM32H7xx_HAL_Driver/Src/stm32h7xx_hal_adc.o
 .debug_line    0x00006d22     0x2082 ./Drivers/STM32H7xx_HAL_Driver/Src/stm32h7xx_hal_adc_ex.o
 .debug_line    0x00008da4      0xf64 ./Drivers/STM32H7xx_HAL_Driver/Src/stm32h7xx_hal_cortex.o
 .debug_line    0x00009d08     0x1cce ./Drivers/STM32H7xx_HAL_Driver/Src/stm32h7xx_hal_eth.o
 .debug_line    0x0000b9d6     0x29f3 ./Drivers/STM32H7xx_HAL_Driver/Src/stm32h7xx_hal_fdcan.o
 .debug_line    0x0000e3c9      0xe0d ./Drivers/STM32H7xx_HAL_Driver/Src/stm32h7xx_hal_gpio.o
 .debug_line    0x0000f1d6     0x3fa1 ./Drivers/STM32H7xx_HAL_Driver/Src/stm32h7xx_hal_i2c.o
 .debug_line    0x00013177      0xba2 ./Drivers/STM32H7xx_HAL_Driver/Src/stm32h7xx_hal_i2c_ex.o
 .debug_line    0x00013d19     0x1a29 ./Drivers/STM32H7xx_HAL_Driver/Src/stm32h7xx_hal_ltdc.o
 .debug_line    0x00015742     0x1750 ./Drivers/STM32H7xx_HAL_Driver/Src/stm32h7xx_hal_pcd.o
 .debug_line    0x00016e92      0xb92 ./Drivers/STM32H7xx_HAL_Driver/Src/stm32h7xx_hal_pcd_ex.o
 .debug_line    0x00017a24     0x1058 ./Drivers/STM32H7xx_HAL_Driver/Src/stm32h7xx_hal_pwr_ex.o
 .debug_line    0x00018a7c     0x1505 ./Drivers/STM32H7xx_HAL_Driver/Src/stm32h7xx_hal_rcc.o
 .debug_line    0x00019f81     0x1e1d ./Drivers/STM32H7xx_HAL_Driver/Src/stm32h7xx_hal_rcc_ex.o
 .debug_line    0x0001bd9e     0x1315 ./Drivers/STM32H7xx_HAL_Driver/Src/stm32h7xx_hal_rtc.o
 .debug_line    0x0001d0b3     0x2000 ./Drivers/STM32H7xx_HAL_Driver/Src/stm32h7xx_hal_sai.o
 .debug_line    0x0001f0b3     0x1072 ./Drivers/STM32H7xx_HAL_Driver/Src/stm32h7xx_hal_sdram.o
 .debug_line    0x00020125     0x3fc3 ./Drivers/STM32H7xx_HAL_Driver/Src/stm32h7xx_hal_uart.o
 .debug_line    0x000240e8      0xfd3 ./Drivers/STM32H7xx_HAL_Driver/Src/stm32h7xx_hal_uart_ex.o
 .debug_line    0x000250bb      0xd03 ./Drivers/STM32H7xx_HAL_Driver/Src/stm32h7xx_ll_fmc.o
 .debug_line    0x00025dbe     0x2016 ./Drivers/STM32H7xx_HAL_Driver/Src/stm32h7xx_ll_usb.o

.debug_str      0x00000000   0x190009
 .debug_str     0x00000000   0x1858ba ./Core/Src/main.o
                             0x18632f (size before relaxing)
 .debug_str     0x001858ba      0x289 ./Core/Src/stm32h7xx_hal_msp.o
                             0x185cab (size before relaxing)
 .debug_str     0x00185b43       0xc9 ./Core/Src/stm32h7xx_it.o
                             0x182ddf (size before relaxing)
 .debug_str     0x00185c0c      0x31e ./Core/Src/system_stm32h7xx.o
                             0x1828b8 (size before relaxing)
 .debug_str     0x00185f2a       0x44 ./Core/Startup/startup_stm32h750xbhx.o
                                 0x7a (size before relaxing)
 .debug_str     0x00185f6e      0xfac ./Drivers/STM32H7xx_HAL_Driver/Src/stm32h7xx_hal.o
                             0x1837dd (size before relaxing)
 .debug_str     0x00186f1a      0xb12 ./Drivers/STM32H7xx_HAL_Driver/Src/stm32h7xx_hal_adc.o
                             0x183657 (size before relaxing)
 .debug_str     0x00187a2c      0x7c4 ./Drivers/STM32H7xx_HAL_Driver/Src/stm32h7xx_hal_adc_ex.o
                             0x183696 (size before relaxing)
 .debug_str     0x001881f0      0x37c ./Drivers/STM32H7xx_HAL_Driver/Src/stm32h7xx_hal_cortex.o
                             0x183218 (size before relaxing)
 .debug_str     0x0018856c     0x100b ./Drivers/STM32H7xx_HAL_Driver/Src/stm32h7xx_hal_eth.o
                             0x18413d (size before relaxing)
 .debug_str     0x00189577     0x1b9a ./Drivers/STM32H7xx_HAL_Driver/Src/stm32h7xx_hal_fdcan.o
                             0x1845a6 (size before relaxing)
 .debug_str     0x0018b111       0xdb ./Drivers/STM32H7xx_HAL_Driver/Src/stm32h7xx_hal_gpio.o
                             0x18286f (size before relaxing)
 .debug_str     0x0018b1ec      0xe16 ./Drivers/STM32H7xx_HAL_Driver/Src/stm32h7xx_hal_i2c.o
                             0x183907 (size before relaxing)
 .debug_str     0x0018c002       0xb8 ./Drivers/STM32H7xx_HAL_Driver/Src/stm32h7xx_hal_i2c_ex.o
                             0x182cb4 (size before relaxing)
 .debug_str     0x0018c0ba      0x48c ./Drivers/STM32H7xx_HAL_Driver/Src/stm32h7xx_hal_ltdc.o
                             0x182b85 (size before relaxing)
 .debug_str     0x0018c546      0x805 ./Drivers/STM32H7xx_HAL_Driver/Src/stm32h7xx_hal_pcd.o
                             0x183023 (size before relaxing)
 .debug_str     0x0018cd4b      0x174 ./Drivers/STM32H7xx_HAL_Driver/Src/stm32h7xx_hal_pcd_ex.o
                             0x1829c1 (size before relaxing)
 .debug_str     0x0018cebf      0x601 ./Drivers/STM32H7xx_HAL_Driver/Src/stm32h7xx_hal_pwr_ex.o
                             0x182d30 (size before relaxing)
 .debug_str     0x0018d4c0      0x21a ./Drivers/STM32H7xx_HAL_Driver/Src/stm32h7xx_hal_rcc.o
                             0x182c53 (size before relaxing)
 .debug_str     0x0018d6da      0x61e ./Drivers/STM32H7xx_HAL_Driver/Src/stm32h7xx_hal_rcc_ex.o
                             0x183134 (size before relaxing)
 .debug_str     0x0018dcf8      0x2c1 ./Drivers/STM32H7xx_HAL_Driver/Src/stm32h7xx_hal_rtc.o
                             0x182a0a (size before relaxing)
 .debug_str     0x0018dfb9      0x45a ./Drivers/STM32H7xx_HAL_Driver/Src/stm32h7xx_hal_sai.o
                             0x182f16 (size before relaxing)
 .debug_str     0x0018e413      0x3d4 ./Drivers/STM32H7xx_HAL_Driver/Src/stm32h7xx_hal_sdram.o
                             0x182d3d (size before relaxing)
 .debug_str     0x0018e7e7      0x9d7 ./Drivers/STM32H7xx_HAL_Driver/Src/stm32h7xx_hal_uart.o
                             0x183794 (size before relaxing)
 .debug_str     0x0018f1be      0x261 ./Drivers/STM32H7xx_HAL_Driver/Src/stm32h7xx_hal_uart_ex.o
                             0x182d54 (size before relaxing)
 .debug_str     0x0018f41f      0x748 ./Drivers/STM32H7xx_HAL_Driver/Src/stm32h7xx_ll_fmc.o
                             0x182ded (size before relaxing)
 .debug_str     0x0018fb67      0x4a2 ./Drivers/STM32H7xx_HAL_Driver/Src/stm32h7xx_ll_usb.o
                             0x182f1d (size before relaxing)

.comment        0x00000000       0x43
 .comment       0x00000000       0x43 ./Core/Src/main.o
                                 0x44 (size before relaxing)
 .comment       0x00000043       0x44 ./Core/Src/stm32h7xx_hal_msp.o
 .comment       0x00000043       0x44 ./Core/Src/stm32h7xx_it.o
 .comment       0x00000043       0x44 ./Core/Src/system_stm32h7xx.o
 .comment       0x00000043       0x44 ./Drivers/STM32H7xx_HAL_Driver/Src/stm32h7xx_hal.o
 .comment       0x00000043       0x44 ./Drivers/STM32H7xx_HAL_Driver/Src/stm32h7xx_hal_adc.o
 .comment       0x00000043       0x44 ./Drivers/STM32H7xx_HAL_Driver/Src/stm32h7xx_hal_adc_ex.o
 .comment       0x00000043       0x44 ./Drivers/STM32H7xx_HAL_Driver/Src/stm32h7xx_hal_cortex.o
 .comment       0x00000043       0x44 ./Drivers/STM32H7xx_HAL_Driver/Src/stm32h7xx_hal_eth.o
 .comment       0x00000043       0x44 ./Drivers/STM32H7xx_HAL_Driver/Src/stm32h7xx_hal_fdcan.o
 .comment       0x00000043       0x44 ./Drivers/STM32H7xx_HAL_Driver/Src/stm32h7xx_hal_gpio.o
 .comment       0x00000043       0x44 ./Drivers/STM32H7xx_HAL_Driver/Src/stm32h7xx_hal_i2c.o
 .comment       0x00000043       0x44 ./Drivers/STM32H7xx_HAL_Driver/Src/stm32h7xx_hal_i2c_ex.o
 .comment       0x00000043       0x44 ./Drivers/STM32H7xx_HAL_Driver/Src/stm32h7xx_hal_ltdc.o
 .comment       0x00000043       0x44 ./Drivers/STM32H7xx_HAL_Driver/Src/stm32h7xx_hal_pcd.o
 .comment       0x00000043       0x44 ./Drivers/STM32H7xx_HAL_Driver/Src/stm32h7xx_hal_pcd_ex.o
 .comment       0x00000043       0x44 ./Drivers/STM32H7xx_HAL_Driver/Src/stm32h7xx_hal_pwr_ex.o
 .comment       0x00000043       0x44 ./Drivers/STM32H7xx_HAL_Driver/Src/stm32h7xx_hal_rcc.o
 .comment       0x00000043       0x44 ./Drivers/STM32H7xx_HAL_Driver/Src/stm32h7xx_hal_rcc_ex.o
 .comment       0x00000043       0x44 ./Drivers/STM32H7xx_HAL_Driver/Src/stm32h7xx_hal_rtc.o
 .comment       0x00000043       0x44 ./Drivers/STM32H7xx_HAL_Driver/Src/stm32h7xx_hal_sai.o
 .comment       0x00000043       0x44 ./Drivers/STM32H7xx_HAL_Driver/Src/stm32h7xx_hal_sdram.o
 .comment       0x00000043       0x44 ./Drivers/STM32H7xx_HAL_Driver/Src/stm32h7xx_hal_uart.o
 .comment       0x00000043       0x44 ./Drivers/STM32H7xx_HAL_Driver/Src/stm32h7xx_hal_uart_ex.o
 .comment       0x00000043       0x44 ./Drivers/STM32H7xx_HAL_Driver/Src/stm32h7xx_ll_fmc.o
 .comment       0x00000043       0x44 ./Drivers/STM32H7xx_HAL_Driver/Src/stm32h7xx_ll_usb.o

.debug_frame    0x00000000     0x8ca8
 .debug_frame   0x00000000      0x310 ./Core/Src/main.o
 .debug_frame   0x00000310      0x36c ./Core/Src/stm32h7xx_hal_msp.o
 .debug_frame   0x0000067c      0x104 ./Core/Src/stm32h7xx_it.o
 .debug_frame   0x00000780       0x58 ./Core/Src/system_stm32h7xx.o
 .debug_frame   0x000007d8      0x690 ./Drivers/STM32H7xx_HAL_Driver/Src/stm32h7xx_hal.o
 .debug_frame   0x00000e68      0xa28 ./Drivers/STM32H7xx_HAL_Driver/Src/stm32h7xx_hal_adc.o
 .debug_frame   0x00001890      0x88c ./Drivers/STM32H7xx_HAL_Driver/Src/stm32h7xx_hal_adc_ex.o
 .debug_frame   0x0000211c      0x508 ./Drivers/STM32H7xx_HAL_Driver/Src/stm32h7xx_hal_cortex.o
 .debug_frame   0x00002624      0x894 ./Drivers/STM32H7xx_HAL_Driver/Src/stm32h7xx_hal_eth.o
 .debug_frame   0x00002eb8      0xf9c ./Drivers/STM32H7xx_HAL_Driver/Src/stm32h7xx_hal_fdcan.o
 .debug_frame   0x00003e54      0x14c ./Drivers/STM32H7xx_HAL_Driver/Src/stm32h7xx_hal_gpio.o
 .debug_frame   0x00003fa0      0xc40 ./Drivers/STM32H7xx_HAL_Driver/Src/stm32h7xx_hal_i2c.o
 .debug_frame   0x00004be0      0x100 ./Drivers/STM32H7xx_HAL_Driver/Src/stm32h7xx_hal_i2c_ex.o
 .debug_frame   0x00004ce0      0x61c ./Drivers/STM32H7xx_HAL_Driver/Src/stm32h7xx_hal_ltdc.o
 .debug_frame   0x000052fc      0x590 ./Drivers/STM32H7xx_HAL_Driver/Src/stm32h7xx_hal_pcd.o
 .debug_frame   0x0000588c      0x174 ./Drivers/STM32H7xx_HAL_Driver/Src/stm32h7xx_hal_pcd_ex.o
 .debug_frame   0x00005a00      0x580 ./Drivers/STM32H7xx_HAL_Driver/Src/stm32h7xx_hal_pwr_ex.o
 .debug_frame   0x00005f80      0x1f8 ./Drivers/STM32H7xx_HAL_Driver/Src/stm32h7xx_hal_rcc.o
 .debug_frame   0x00006178      0x414 ./Drivers/STM32H7xx_HAL_Driver/Src/stm32h7xx_hal_rcc_ex.o
 .debug_frame   0x0000658c      0x32c ./Drivers/STM32H7xx_HAL_Driver/Src/stm32h7xx_hal_rtc.o
 .debug_frame   0x000068b8      0x69c ./Drivers/STM32H7xx_HAL_Driver/Src/stm32h7xx_hal_sai.o
 .debug_frame   0x00006f54      0x3f0 ./Drivers/STM32H7xx_HAL_Driver/Src/stm32h7xx_hal_sdram.o
 .debug_frame   0x00007344      0xa94 ./Drivers/STM32H7xx_HAL_Driver/Src/stm32h7xx_hal_uart.o
 .debug_frame   0x00007dd8      0x2c0 ./Drivers/STM32H7xx_HAL_Driver/Src/stm32h7xx_hal_uart_ex.o
 .debug_frame   0x00008098      0x37c ./Drivers/STM32H7xx_HAL_Driver/Src/stm32h7xx_ll_fmc.o
 .debug_frame   0x00008414      0x7c0 ./Drivers/STM32H7xx_HAL_Driver/Src/stm32h7xx_ll_usb.o
 .debug_frame   0x00008bd4       0x20 /opt/st/stm32cubeide_1.16.0/plugins/com.st.stm32cube.ide.mcu.externaltools.gnu-tools-for-stm32.12.3.rel1.linux64_1.0.200.202406132123/tools/bin/../lib/gcc/arm-none-eabi/12.3.1/../../../../arm-none-eabi/lib/thumb/v7e-m+dp/hard/libc_nano.a(libc_a-memset.o)
 .debug_frame   0x00008bf4       0x2c /opt/st/stm32cubeide_1.16.0/plugins/com.st.stm32cube.ide.mcu.externaltools.gnu-tools-for-stm32.12.3.rel1.linux64_1.0.200.202406132123/tools/bin/../lib/gcc/arm-none-eabi/12.3.1/../../../../arm-none-eabi/lib/thumb/v7e-m+dp/hard/libc_nano.a(libc_a-init.o)
 .debug_frame   0x00008c20       0x28 /opt/st/stm32cubeide_1.16.0/plugins/com.st.stm32cube.ide.mcu.externaltools.gnu-tools-for-stm32.12.3.rel1.linux64_1.0.200.202406132123/tools/bin/../lib/gcc/arm-none-eabi/12.3.1/../../../../arm-none-eabi/lib/thumb/v7e-m+dp/hard/libc_nano.a(libc_a-memcpy-stub.o)
 .debug_frame   0x00008c48       0x2c /opt/st/stm32cubeide_1.16.0/plugins/com.st.stm32cube.ide.mcu.externaltools.gnu-tools-for-stm32.12.3.rel1.linux64_1.0.200.202406132123/tools/bin/../lib/gcc/arm-none-eabi/12.3.1/thumb/v7e-m+dp/hard/libgcc.a(_aeabi_uldivmod.o)
 .debug_frame   0x00008c74       0x34 /opt/st/stm32cubeide_1.16.0/plugins/com.st.stm32cube.ide.mcu.externaltools.gnu-tools-for-stm32.12.3.rel1.linux64_1.0.200.202406132123/tools/bin/../lib/gcc/arm-none-eabi/12.3.1/thumb/v7e-m+dp/hard/libgcc.a(_udivmoddi4.o)

.debug_line_str
                0x00000000       0x5e
 .debug_line_str
                0x00000000       0x5e ./Core/Startup/startup_stm32h750xbhx.o
